<html>
<body>
<pre>
<h1>µVision Build Log</h1>
<h2>Project:</h2>
C:\Users\student\Desktop\do oddania na 28.04\9. Wysyêanie êaScuchów znakowych #skonczone\MiTP.uvproj
Project File Date:  04/28/2017

<h2>Output:</h2>
Rebuild target 'Target 1'
assembling Startup.s...
compiling main.c...
main.c(57): warning:  #223-D: function "AppendString" declared implicitly
main.c(64): warning:  #223-D: function "AppendString" declared implicitly
main.c(71): warning:  #223-D: function "AppendString" declared implicitly
compiling keyboard.c...
compiling led.c...
compiling timer_interrupts.c...
compiling servo.c...
compiling uart.c...
compiling string.c...
string.c(24): error:  #147-D: declaration is incompatible with "void AppendUIntToString(unsigned int, char)" (declared at line 7 of "string.h")
string.c(28): warning:  #223-D: function "UIntToHexStr" declared implicitly
string.c(65): error:  #159: declaration is incompatible with previous "UIntToHexStr" (declared at line 28)
compiling command_decoder.c...
compiling watchdog.c...
".\MiTP.axf" - 2 Errors, 4 Warning(s).
Target not created
Rebuild target 'Target 1'
assembling Startup.s...
compiling main.c...
main.c(57): warning:  #223-D: function "AppendString" declared implicitly
main.c(64): warning:  #223-D: function "AppendString" declared implicitly
main.c(71): warning:  #223-D: function "AppendString" declared implicitly
compiling keyboard.c...
compiling led.c...
compiling timer_interrupts.c...
compiling servo.c...
compiling uart.c...
compiling string.c...
string.c(75): error:  #147-D: declaration is incompatible with "void AppendUIntToString(unsigned int, char)" (declared at line 7 of "string.h")
compiling command_decoder.c...
compiling watchdog.c...
".\MiTP.axf" - 1 Errors, 3 Warning(s).
Target not created
Rebuild target 'Target 1'
assembling Startup.s...
compiling main.c...
compiling keyboard.c...
compiling led.c...
compiling timer_interrupts.c...
compiling servo.c...
compiling uart.c...
compiling string.c...
compiling command_decoder.c...
compiling watchdog.c...
linking...
Program Size: Code=4780 RO-data=32 RW-data=92 ZI-data=1356  
FromELF: creating hex file...
".\MiTP.axf" - 0 Errors, 0 Warning(s).
Rebuild target 'Target 1'
assembling Startup.s...
compiling main.c...
compiling keyboard.c...
compiling led.c...
compiling timer_interrupts.c...
compiling servo.c...
compiling uart.c...
compiling string.c...
compiling command_decoder.c...
compiling watchdog.c...
linking...
Program Size: Code=4780 RO-data=32 RW-data=92 ZI-data=1356  
FromELF: creating hex file...
".\MiTP.axf" - 0 Errors, 0 Warning(s).
Rebuild target 'Target 1'
assembling Startup.s...
compiling main.c...
compiling keyboard.c...
compiling led.c...
compiling timer_interrupts.c...
compiling servo.c...
compiling uart.c...
compiling string.c...
compiling command_decoder.c...
compiling watchdog.c...
linking...
Program Size: Code=4780 RO-data=32 RW-data=92 ZI-data=1356  
FromELF: creating hex file...
".\MiTP.axf" - 0 Errors, 0 Warning(s).
