Component: ARM Compiler 5.05 update 1 (build 106) Tool: armlink [4d0efa]

==============================================================================

Section Cross References

    startup.o(STACK) refers (Special) to heapauxi.o(.text) for __use_two_region_memory
    startup.o(HEAP) refers (Special) to heapauxi.o(.text) for __use_two_region_memory
    startup.o(RESET) refers (Special) to heapauxi.o(.text) for __use_two_region_memory
    startup.o(RESET) refers to startup.o(STACK) for Stack_Top
    startup.o(RESET) refers to __main.o(!!!main) for __main
    startup.o(.text) refers (Special) to heapauxi.o(.text) for __use_two_region_memory
    startup.o(.text) refers to startup.o(HEAP) for Heap_Mem
    startup.o(.text) refers to startup.o(STACK) for Stack_Mem
    main.o(.text) refers to uart.o(.text) for UART_InitWithInt
    main.o(.text) refers to servo.o(.text) for Servo_Init
    main.o(.text) refers to keyboard.o(.text) for KeyboardInit
    main.o(.text) refers to timer_interrupts.o(.text) for Timer0Interrupts_Init
    main.o(.text) refers to command_decoder.o(.text) for DecodeMsg
    main.o(.text) refers to string.o(.text) for CopyString
    main.o(.text) refers to watchdog.o(.text) for WatchUpdate
    main.o(.text) refers to main.o(.bss) for cReceivedString
    main.o(.text) refers to command_decoder.o(.data) for ucTokenNr
    main.o(.text) refers to command_decoder.o(.bss) for asToken
    main.o(.text) refers to main.o(.data) for fCalc
    main.o(.text) refers to watchdog.o(.data) for sWatch
    main.o(.text) refers to uart.o(.bss) for sTransmiterBuffer
    led.o(.text) refers to led.o(.data) for uiLedState
    timer_interrupts.o(.text) refers to timer_interrupts.o(.data) for ptrTimer0InterruptFunction
    servo.o(.text) refers to led.o(.text) for Led_StepLeft
    servo.o(.text) refers to aeabi_sdiv.o(.text_udiv) for __aeabi_uidivmod
    servo.o(.text) refers to timer_interrupts.o(.text) for Timer1Interrupts_Init
    servo.o(.text) refers to servo.o(.bss) for sServo
    uart.o(.text) refers to string.o(.text) for CopyString
    uart.o(.text) refers to aeabi_sdiv.o(.text_udiv) for __aeabi_uidivmod
    uart.o(.text) refers to uart.o(.bss) for sRecieverBuffer
    command_decoder.o(.text) refers to string.o(.text) for eCompareString
    command_decoder.o(.text) refers to command_decoder.o(.bss) for asToken
    command_decoder.o(.text) refers to command_decoder.o(.data) for asKeywordList
    watchdog.o(.text) refers to watchdog.o(.data) for sWatch
    aeabi_sdiv.o(.text_udiv) refers to aeabi_sdiv.o(.text) for __arm_div2
    aeabi_sdiv_div0.o(.text_udiv) refers to aeabi_sdiv_div0.o(.text) for __arm_div2
    __main.o(!!!main) refers to __rtentry.o(.ARM.Collect$$rtentry$$00000000) for __rt_entry
    __rtentry.o(.ARM.Collect$$rtentry$$00000000) refers (Special) to __rtentry2.o(.ARM.Collect$$rtentry$$0000000A) for __rt_entry_li
    __rtentry.o(.ARM.Collect$$rtentry$$00000000) refers (Special) to __rtentry2.o(.ARM.Collect$$rtentry$$0000000D) for __rt_entry_main
    __rtentry.o(.ARM.Collect$$rtentry$$00000000) refers (Special) to __rtentry2.o(.ARM.Collect$$rtentry$$0000000C) for __rt_entry_postli_1
    __rtentry.o(.ARM.Collect$$rtentry$$00000000) refers (Special) to __rtentry2.o(.ARM.Collect$$rtentry$$00000009) for __rt_entry_postsh_1
    __rtentry.o(.ARM.Collect$$rtentry$$00000000) refers (Special) to __rtentry2.o(.ARM.Collect$$rtentry$$00000002) for __rt_entry_presh_1
    __rtentry.o(.ARM.Collect$$rtentry$$00000000) refers (Special) to __rtentry4.o(.ARM.Collect$$rtentry$$00000004) for __rt_entry_sh
    aeabi_idiv0_sigfpe.o(.text) refers to rt_div0.o(.text) for __rt_div0
    __rtentry2.o(.ARM.Collect$$rtentry$$00000008) refers to boardinit2.o(.text) for _platform_post_stackheap_init
    __rtentry2.o(.ARM.Collect$$rtentry$$0000000A) refers to libinit.o(.ARM.Collect$$libinit$$00000000) for __rt_lib_init
    __rtentry2.o(.ARM.Collect$$rtentry$$0000000B) refers to boardinit3.o(.text) for _platform_post_lib_init
    __rtentry2.o(.ARM.Collect$$rtentry$$0000000D) refers to exit.o(.text) for exit
    __rtentry2.o(.ARM.Collect$$rtentry$$0000000D) refers to main.o(.text) for main
    __rtentry2.o(.ARM.exidx) refers to __rtentry2.o(.ARM.Collect$$rtentry$$00000001) for .ARM.Collect$$rtentry$$00000001
    __rtentry2.o(.ARM.exidx) refers to __rtentry2.o(.ARM.Collect$$rtentry$$00000008) for .ARM.Collect$$rtentry$$00000008
    __rtentry2.o(.ARM.exidx) refers to __rtentry2.o(.ARM.Collect$$rtentry$$0000000A) for .ARM.Collect$$rtentry$$0000000A
    __rtentry2.o(.ARM.exidx) refers to __rtentry2.o(.ARM.Collect$$rtentry$$0000000B) for .ARM.Collect$$rtentry$$0000000B
    __rtentry2.o(.ARM.exidx) refers to __rtentry2.o(.ARM.Collect$$rtentry$$0000000D) for .ARM.Collect$$rtentry$$0000000D
    __rtentry4.o(.ARM.Collect$$rtentry$$00000004) refers to sys_stackheap_outer.o(.text) for __user_setup_stackheap
    __rtentry4.o(.ARM.exidx) refers to __rtentry4.o(.ARM.Collect$$rtentry$$00000004) for .ARM.Collect$$rtentry$$00000004
    rt_div0.o(.text) refers to defsig_fpe_outer.o(.text) for __rt_SIGFPE
    sys_stackheap_outer.o(.text) refers to libspace.o(.text) for __user_perproc_libspace
    sys_stackheap_outer.o(.text) refers to startup.o(.text) for __user_initial_stackheap
    exit.o(.text) refers to rtexit.o(.ARM.Collect$$rtexit$$00000000) for __rt_exit
    defsig_fpe_outer.o(.text) refers to defsig_fpe_inner.o(.text) for __rt_SIGFPE_inner
    defsig_fpe_outer.o(.text) refers to defsig_exit.o(.text) for __sig_exit
    defsig_fpe_formal.o(.text) refers to rt_raise.o(.text) for __rt_raise
    libinit.o(.ARM.Collect$$libinit$$00000000) refers (Special) to libinit2.o(.ARM.Collect$$libinit$$0000002E) for __rt_lib_init_alloca_1
    libinit.o(.ARM.Collect$$libinit$$00000000) refers (Special) to libinit2.o(.ARM.Collect$$libinit$$0000002C) for __rt_lib_init_argv_1
    libinit.o(.ARM.Collect$$libinit$$00000000) refers (Special) to libinit2.o(.ARM.Collect$$libinit$$0000001B) for __rt_lib_init_atexit_1
    libinit.o(.ARM.Collect$$libinit$$00000000) refers (Special) to libinit2.o(.ARM.Collect$$libinit$$00000021) for __rt_lib_init_clock_1
    libinit.o(.ARM.Collect$$libinit$$00000000) refers (Special) to libinit2.o(.ARM.Collect$$libinit$$00000032) for __rt_lib_init_cpp_1
    libinit.o(.ARM.Collect$$libinit$$00000000) refers (Special) to libinit2.o(.ARM.Collect$$libinit$$00000030) for __rt_lib_init_exceptions_1
    libinit.o(.ARM.Collect$$libinit$$00000000) refers (Special) to libinit2.o(.ARM.Collect$$libinit$$00000002) for __rt_lib_init_fp_1
    libinit.o(.ARM.Collect$$libinit$$00000000) refers (Special) to libinit2.o(.ARM.Collect$$libinit$$0000001F) for __rt_lib_init_fp_trap_1
    libinit.o(.ARM.Collect$$libinit$$00000000) refers (Special) to libinit2.o(.ARM.Collect$$libinit$$00000023) for __rt_lib_init_getenv_1
    libinit.o(.ARM.Collect$$libinit$$00000000) refers (Special) to libinit2.o(.ARM.Collect$$libinit$$0000000A) for __rt_lib_init_heap_1
    libinit.o(.ARM.Collect$$libinit$$00000000) refers (Special) to libinit2.o(.ARM.Collect$$libinit$$00000011) for __rt_lib_init_lc_collate_1
    libinit.o(.ARM.Collect$$libinit$$00000000) refers (Special) to libinit2.o(.ARM.Collect$$libinit$$00000013) for __rt_lib_init_lc_ctype_1
    libinit.o(.ARM.Collect$$libinit$$00000000) refers (Special) to libinit2.o(.ARM.Collect$$libinit$$00000015) for __rt_lib_init_lc_monetary_1
    libinit.o(.ARM.Collect$$libinit$$00000000) refers (Special) to libinit2.o(.ARM.Collect$$libinit$$00000017) for __rt_lib_init_lc_numeric_1
    libinit.o(.ARM.Collect$$libinit$$00000000) refers (Special) to libinit2.o(.ARM.Collect$$libinit$$00000019) for __rt_lib_init_lc_time_1
    libinit.o(.ARM.Collect$$libinit$$00000000) refers (Special) to libinit2.o(.ARM.Collect$$libinit$$00000004) for __rt_lib_init_preinit_1
    libinit.o(.ARM.Collect$$libinit$$00000000) refers (Special) to libinit2.o(.ARM.Collect$$libinit$$0000000E) for __rt_lib_init_rand_1
    libinit.o(.ARM.Collect$$libinit$$00000000) refers (Special) to libinit2.o(.ARM.Collect$$libinit$$00000033) for __rt_lib_init_return
    libinit.o(.ARM.Collect$$libinit$$00000000) refers (Special) to libinit2.o(.ARM.Collect$$libinit$$0000001D) for __rt_lib_init_signal_1
    libinit.o(.ARM.Collect$$libinit$$00000000) refers (Special) to libinit2.o(.ARM.Collect$$libinit$$00000025) for __rt_lib_init_stdio_1
    libinit.o(.ARM.Collect$$libinit$$00000000) refers (Special) to libinit2.o(.ARM.Collect$$libinit$$0000000C) for __rt_lib_init_user_alloc_1
    libspace.o(.text) refers to libspace.o(.bss) for __libspace_start
    rtexit.o(.ARM.Collect$$rtexit$$00000000) refers (Special) to rtexit2.o(.ARM.Collect$$rtexit$$00000004) for __rt_exit_exit
    rtexit.o(.ARM.Collect$$rtexit$$00000000) refers (Special) to rtexit2.o(.ARM.Collect$$rtexit$$00000003) for __rt_exit_ls
    rtexit.o(.ARM.Collect$$rtexit$$00000000) refers (Special) to rtexit2.o(.ARM.Collect$$rtexit$$00000002) for __rt_exit_prels_1
    rtexit.o(.ARM.exidx) refers (Special) to rtexit2.o(.ARM.Collect$$rtexit$$00000004) for __rt_exit_exit
    rtexit.o(.ARM.exidx) refers (Special) to rtexit2.o(.ARM.Collect$$rtexit$$00000003) for __rt_exit_ls
    rtexit.o(.ARM.exidx) refers (Special) to rtexit2.o(.ARM.Collect$$rtexit$$00000002) for __rt_exit_prels_1
    rtexit.o(.ARM.exidx) refers to rtexit.o(.ARM.Collect$$rtexit$$00000000) for .ARM.Collect$$rtexit$$00000000
    rt_raise.o(.text) refers to __raise.o(.text) for __raise
    rt_raise.o(.text) refers to sys_exit.o(.text) for _sys_exit
    defsig_exit.o(.text) refers to sys_exit.o(.text) for _sys_exit
    defsig_fpe_inner.o(.text) refers to defsig_general.o(.text) for __default_signal_display
    libinit2.o(.ARM.Collect$$libinit$$00000001) refers to fpinit.o(x$fpl$fpinit) for _fp_init
    libinit2.o(.ARM.Collect$$libinit$$00000010) refers to libinit2.o(.ARM.Collect$$libinit$$0000000F) for .ARM.Collect$$libinit$$0000000F
    libinit2.o(.ARM.Collect$$libinit$$00000012) refers to libinit2.o(.ARM.Collect$$libinit$$0000000F) for .ARM.Collect$$libinit$$0000000F
    libinit2.o(.ARM.Collect$$libinit$$00000014) refers to libinit2.o(.ARM.Collect$$libinit$$0000000F) for .ARM.Collect$$libinit$$0000000F
    libinit2.o(.ARM.Collect$$libinit$$00000016) refers to libinit2.o(.ARM.Collect$$libinit$$0000000F) for .ARM.Collect$$libinit$$0000000F
    libinit2.o(.ARM.Collect$$libinit$$00000018) refers to libinit2.o(.ARM.Collect$$libinit$$0000000F) for .ARM.Collect$$libinit$$0000000F
    libinit2.o(.ARM.Collect$$libinit$$00000026) refers to argv_veneer.o(.emb_text) for __ARM_argv_veneer
    libinit2.o(.ARM.Collect$$libinit$$00000027) refers to argv_veneer.o(.emb_text) for __ARM_argv_veneer
    sys_exit.o(.text) refers (Special) to use_no_semi.o(.text) for __I$use$semihosting
    sys_exit.o(.text) refers (Special) to indicate_semi.o(.text) for __semihosting_library_function
    rtexit2.o(.ARM.Collect$$rtexit$$00000003) refers to libshutdown.o(.ARM.Collect$$libshutdown$$00000000) for __rt_lib_shutdown
    rtexit2.o(.ARM.Collect$$rtexit$$00000004) refers to sys_exit.o(.text) for _sys_exit
    rtexit2.o(.ARM.exidx) refers to rtexit2.o(.ARM.Collect$$rtexit$$00000001) for .ARM.Collect$$rtexit$$00000001
    rtexit2.o(.ARM.exidx) refers to rtexit2.o(.ARM.Collect$$rtexit$$00000003) for .ARM.Collect$$rtexit$$00000003
    rtexit2.o(.ARM.exidx) refers to rtexit2.o(.ARM.Collect$$rtexit$$00000004) for .ARM.Collect$$rtexit$$00000004
    __raise.o(.text) refers to __raise.o(i.__ARM_common_call_via_r2) for __ARM_common_call_via_r2
    __raise.o(.text) refers to defsig.o(CL$$defsig) for __default_signal_handler
    defsig_general.o(.text) refers to sys_wrch.o(.text) for _ttywrch
    argv_veneer.o(.emb_text) refers to no_argv.o(.text) for __ARM_get_argv
    sys_wrch.o(.text) refers (Special) to use_no_semi.o(.text) for __I$use$semihosting
    sys_wrch.o(.text) refers (Special) to indicate_semi.o(.text) for __semihosting_library_function
    defsig.o(CL$$defsig) refers to defsig_fpe_inner.o(.text) for __rt_SIGFPE_inner
    defsig.o(CL$$defsig) refers to defsig_rtmem_inner.o(.text) for __rt_SIGRTMEM_inner
    _get_argv_nomalloc.o(.text) refers (Special) to hrguard.o(.text) for __heap_region$guard
    _get_argv_nomalloc.o(.text) refers to defsig_rtmem_outer.o(.text) for __rt_SIGRTMEM
    _get_argv_nomalloc.o(.text) refers to sys_command.o(.text) for _sys_command_string
    libshutdown.o(.ARM.Collect$$libshutdown$$00000000) refers (Special) to libshutdown2.o(.ARM.Collect$$libshutdown$$00000006) for __rt_lib_shutdown_fp_trap_1
    libshutdown.o(.ARM.Collect$$libshutdown$$00000000) refers (Special) to libshutdown2.o(.ARM.Collect$$libshutdown$$0000000E) for __rt_lib_shutdown_heap_1
    libshutdown.o(.ARM.Collect$$libshutdown$$00000000) refers (Special) to libshutdown2.o(.ARM.Collect$$libshutdown$$0000000F) for __rt_lib_shutdown_return
    libshutdown.o(.ARM.Collect$$libshutdown$$00000000) refers (Special) to libshutdown2.o(.ARM.Collect$$libshutdown$$00000009) for __rt_lib_shutdown_signal_1
    libshutdown.o(.ARM.Collect$$libshutdown$$00000000) refers (Special) to libshutdown2.o(.ARM.Collect$$libshutdown$$00000003) for __rt_lib_shutdown_stdio_1
    libshutdown.o(.ARM.Collect$$libshutdown$$00000000) refers (Special) to libshutdown2.o(.ARM.Collect$$libshutdown$$0000000B) for __rt_lib_shutdown_user_alloc_1
    sys_command.o(.text) refers (Special) to use_no_semi.o(.text) for __I$use$semihosting
    sys_command.o(.text) refers (Special) to indicate_semi.o(.text) for __semihosting_library_function
    defsig_abrt_inner.o(.text) refers to defsig_general.o(.text) for __default_signal_display
    defsig_rtred_inner.o(.text) refers to defsig_general.o(.text) for __default_signal_display
    defsig_rtmem_inner.o(.text) refers to defsig_general.o(.text) for __default_signal_display
    defsig_rtmem_outer.o(.text) refers to defsig_rtmem_inner.o(.text) for __rt_SIGRTMEM_inner
    defsig_rtmem_outer.o(.text) refers to defsig_exit.o(.text) for __sig_exit
    defsig_rtmem_formal.o(.text) refers to rt_raise.o(.text) for __rt_raise
    defsig_stak_inner.o(.text) refers to defsig_general.o(.text) for __default_signal_display
    defsig_pvfn_inner.o(.text) refers to defsig_general.o(.text) for __default_signal_display
    defsig_cppl_inner.o(.text) refers to defsig_general.o(.text) for __default_signal_display
    defsig_segv_inner.o(.text) refers to defsig_general.o(.text) for __default_signal_display
    defsig_other.o(.text) refers to defsig_general.o(.text) for __default_signal_display


==============================================================================

Adding Veneers to the image

    Adding AT veneer (8 bytes, Inline) for call to '__rt_lib_init' from __rtentry2.o(.ARM.Collect$$rtentry$$0000000A).
    Adding AT veneer (8 bytes, Inline) for call to '__rt_lib_shutdown' from rtexit2.o(.ARM.Collect$$rtexit$$00000003).
    Adding TA veneer (4 bytes, Inline) for call to '__rt_exit' from exit.o(.text).
    Adding AT veneer (8 bytes, Inline) for call to '_sys_exit' from rtexit2.o(.ARM.Collect$$rtexit$$00000004).

4 Veneer(s) (total 28 bytes) added to the image.

==============================================================================

Image Symbol Table

    Local Symbols

    Symbol Name                              Value     Ov Type        Size  Object(Section)

    RESET                                    0x00000000   Section      272  startup.o(RESET)
    ../clib/angel/boardlib.s                 0x00000000   Number         0  boardinit1.o ABSOLUTE
    ../clib/angel/boardlib.s                 0x00000000   Number         0  boardinit3.o ABSOLUTE
    ../clib/angel/boardlib.s                 0x00000000   Number         0  boardinit2.o ABSOLUTE
    ../clib/angel/boardlib.s                 0x00000000   Number         0  boardshut.o ABSOLUTE
    ../clib/angel/handlers.s                 0x00000000   Number         0  __scatter_zi.o ABSOLUTE
    ../clib/angel/handlers.s                 0x00000000   Number         0  __scatter_copy.o ABSOLUTE
    ../clib/angel/kernel.s                   0x00000000   Number         0  __rtentry.o ABSOLUTE
    ../clib/angel/kernel.s                   0x00000000   Number         0  rtexit.o ABSOLUTE
    ../clib/angel/kernel.s                   0x00000000   Number         0  __rtentry4.o ABSOLUTE
    ../clib/angel/kernel.s                   0x00000000   Number         0  rtexit2.o ABSOLUTE
    ../clib/angel/kernel.s                   0x00000000   Number         0  __rtentry2.o ABSOLUTE
    ../clib/angel/rt.s                       0x00000000   Number         0  rt_div0.o ABSOLUTE
    ../clib/angel/rt.s                       0x00000000   Number         0  rt_raise.o ABSOLUTE
    ../clib/angel/rt.s                       0x00000000   Number         0  aeabi_idiv0.o ABSOLUTE
    ../clib/angel/rt.s                       0x00000000   Number         0  aeabi_idiv0_sigfpe.o ABSOLUTE
    ../clib/angel/scatter.s                  0x00000000   Number         0  __scatter.o ABSOLUTE
    ../clib/angel/startup.s                  0x00000000   Number         0  __main.o ABSOLUTE
    ../clib/angel/sys.s                      0x00000000   Number         0  indicate_semi.o ABSOLUTE
    ../clib/angel/sys.s                      0x00000000   Number         0  use_no_semi.o ABSOLUTE
    ../clib/angel/sys.s                      0x00000000   Number         0  sys_stackheap_outer.o ABSOLUTE
    ../clib/angel/sys.s                      0x00000000   Number         0  libspace.o ABSOLUTE
    ../clib/angel/sysapp.c                   0x00000000   Number         0  sys_command.o ABSOLUTE
    ../clib/angel/sysapp.c                   0x00000000   Number         0  sys_exit.o ABSOLUTE
    ../clib/angel/sysapp.c                   0x00000000   Number         0  sys_wrch.o ABSOLUTE
    ../clib/armsys.c                         0x00000000   Number         0  no_argv.o ABSOLUTE
    ../clib/armsys.c                         0x00000000   Number         0  _get_argv_nomalloc.o ABSOLUTE
    ../clib/armsys.c                         0x00000000   Number         0  argv_veneer.o ABSOLUTE
    ../clib/armsys.c                         0x00000000   Number         0  argv_veneer.o ABSOLUTE
    ../clib/division.s                       0x00000000   Number         0  aeabi_sdiv.o ABSOLUTE
    ../clib/division.s                       0x00000000   Number         0  aeabi_sdiv_div0.o ABSOLUTE
    ../clib/divrt.s                          0x00000000   Number         0  divrt_7tdmi.o ABSOLUTE
    ../clib/divrt.s                          0x00000000   Number         0  divrt_7tdmi_div0.o ABSOLUTE
    ../clib/heapalloc.c                      0x00000000   Number         0  hrguard.o ABSOLUTE
    ../clib/heapaux.c                        0x00000000   Number         0  heapauxi.o ABSOLUTE
    ../clib/libinit.s                        0x00000000   Number         0  libshutdown2.o ABSOLUTE
    ../clib/libinit.s                        0x00000000   Number         0  libshutdown.o ABSOLUTE
    ../clib/libinit.s                        0x00000000   Number         0  libinit2.o ABSOLUTE
    ../clib/libinit.s                        0x00000000   Number         0  libinit.o ABSOLUTE
    ../clib/signal.c                         0x00000000   Number         0  defsig_rtmem_formal.o ABSOLUTE
    ../clib/signal.c                         0x00000000   Number         0  defsig_stak_inner.o ABSOLUTE
    ../clib/signal.c                         0x00000000   Number         0  defsig_pvfn_inner.o ABSOLUTE
    ../clib/signal.c                         0x00000000   Number         0  defsig_cppl_inner.o ABSOLUTE
    ../clib/signal.c                         0x00000000   Number         0  defsig_segv_inner.o ABSOLUTE
    ../clib/signal.c                         0x00000000   Number         0  defsig_other.o ABSOLUTE
    ../clib/signal.c                         0x00000000   Number         0  defsig_fpe_outer.o ABSOLUTE
    ../clib/signal.c                         0x00000000   Number         0  defsig_fpe_formal.o ABSOLUTE
    ../clib/signal.c                         0x00000000   Number         0  defsig_rtmem_outer.o ABSOLUTE
    ../clib/signal.c                         0x00000000   Number         0  defsig_exit.o ABSOLUTE
    ../clib/signal.c                         0x00000000   Number         0  defsig_fpe_inner.o ABSOLUTE
    ../clib/signal.c                         0x00000000   Number         0  __raise.o ABSOLUTE
    ../clib/signal.c                         0x00000000   Number         0  defsig_general.o ABSOLUTE
    ../clib/signal.c                         0x00000000   Number         0  defsig_abrt_inner.o ABSOLUTE
    ../clib/signal.c                         0x00000000   Number         0  defsig_rtred_inner.o ABSOLUTE
    ../clib/signal.c                         0x00000000   Number         0  defsig_rtmem_inner.o ABSOLUTE
    ../clib/signal.s                         0x00000000   Number         0  defsig.o ABSOLUTE
    ../clib/stdlib.c                         0x00000000   Number         0  exit.o ABSOLUTE
    ../fplib/fpinit.s                        0x00000000   Number         0  fpinit.o ABSOLUTE
    Startup.s                                0x00000000   Number         0  startup.o ABSOLUTE
    command_decoder.c                        0x00000000   Number         0  command_decoder.o ABSOLUTE
    dc.s                                     0x00000000   Number         0  dc.o ABSOLUTE
    keyboard.c                               0x00000000   Number         0  keyboard.o ABSOLUTE
    led.c                                    0x00000000   Number         0  led.o ABSOLUTE
    main.c                                   0x00000000   Number         0  main.o ABSOLUTE
    servo.c                                  0x00000000   Number         0  servo.o ABSOLUTE
    string.c                                 0x00000000   Number         0  string.o ABSOLUTE
    timer_interrupts.c                       0x00000000   Number         0  timer_interrupts.o ABSOLUTE
    uart.c                                   0x00000000   Number         0  uart.o ABSOLUTE
    watchdog.c                               0x00000000   Number         0  watchdog.o ABSOLUTE
    Undef_Handler                            0x00000040   ARM Code       4  startup.o(RESET)
    SWI_Handler                              0x00000044   ARM Code       4  startup.o(RESET)
    PAbt_Handler                             0x00000048   ARM Code       4  startup.o(RESET)
    DAbt_Handler                             0x0000004c   ARM Code       4  startup.o(RESET)
    IRQ_Handler                              0x00000050   ARM Code       4  startup.o(RESET)
    FIQ_Handler                              0x00000054   ARM Code       4  startup.o(RESET)
    !!!main                                  0x00000110   Section        8  __main.o(!!!main)
    !!!scatter                               0x00000118   Section       60  __scatter.o(!!!scatter)
    !!handler_copy                           0x00000154   Section       40  __scatter_copy.o(!!handler_copy)
    !!handler_zi                             0x0000017c   Section       44  __scatter_zi.o(!!handler_zi)
    .ARM.Collect$$libinit$$00000000          0x000001b0   Section        2  libinit.o(.ARM.Collect$$libinit$$00000000)
    .ARM.Collect$$libinit$$00000002          0x000001b2   Section        0  libinit2.o(.ARM.Collect$$libinit$$00000002)
    .ARM.Collect$$libinit$$00000004          0x000001b2   Section        0  libinit2.o(.ARM.Collect$$libinit$$00000004)
    .ARM.Collect$$libinit$$0000000A          0x000001b2   Section        0  libinit2.o(.ARM.Collect$$libinit$$0000000A)
    .ARM.Collect$$libinit$$0000000C          0x000001b2   Section        0  libinit2.o(.ARM.Collect$$libinit$$0000000C)
    .ARM.Collect$$libinit$$0000000E          0x000001b2   Section        0  libinit2.o(.ARM.Collect$$libinit$$0000000E)
    .ARM.Collect$$libinit$$00000011          0x000001b2   Section        0  libinit2.o(.ARM.Collect$$libinit$$00000011)
    .ARM.Collect$$libinit$$00000013          0x000001b2   Section        0  libinit2.o(.ARM.Collect$$libinit$$00000013)
    .ARM.Collect$$libinit$$00000015          0x000001b2   Section        0  libinit2.o(.ARM.Collect$$libinit$$00000015)
    .ARM.Collect$$libinit$$00000017          0x000001b2   Section        0  libinit2.o(.ARM.Collect$$libinit$$00000017)
    .ARM.Collect$$libinit$$00000019          0x000001b2   Section        0  libinit2.o(.ARM.Collect$$libinit$$00000019)
    .ARM.Collect$$libinit$$0000001B          0x000001b2   Section        0  libinit2.o(.ARM.Collect$$libinit$$0000001B)
    .ARM.Collect$$libinit$$0000001D          0x000001b2   Section        0  libinit2.o(.ARM.Collect$$libinit$$0000001D)
    .ARM.Collect$$libinit$$0000001F          0x000001b2   Section        0  libinit2.o(.ARM.Collect$$libinit$$0000001F)
    .ARM.Collect$$libinit$$00000021          0x000001b2   Section        0  libinit2.o(.ARM.Collect$$libinit$$00000021)
    .ARM.Collect$$libinit$$00000023          0x000001b2   Section        0  libinit2.o(.ARM.Collect$$libinit$$00000023)
    .ARM.Collect$$libinit$$00000025          0x000001b2   Section        0  libinit2.o(.ARM.Collect$$libinit$$00000025)
    .ARM.Collect$$libinit$$0000002C          0x000001b2   Section        0  libinit2.o(.ARM.Collect$$libinit$$0000002C)
    .ARM.Collect$$libinit$$0000002E          0x000001b2   Section        0  libinit2.o(.ARM.Collect$$libinit$$0000002E)
    .ARM.Collect$$libinit$$00000030          0x000001b2   Section        0  libinit2.o(.ARM.Collect$$libinit$$00000030)
    .ARM.Collect$$libinit$$00000032          0x000001b2   Section        0  libinit2.o(.ARM.Collect$$libinit$$00000032)
    .ARM.Collect$$libinit$$00000033          0x000001b2   Section       12  libinit2.o(.ARM.Collect$$libinit$$00000033)
    .ARM.Collect$$libshutdown$$00000000      0x000001c8   Section        4  libshutdown.o(.ARM.Collect$$libshutdown$$00000000)
    .ARM.Collect$$libshutdown$$00000003      0x000001cc   Section        0  libshutdown2.o(.ARM.Collect$$libshutdown$$00000003)
    .ARM.Collect$$libshutdown$$00000006      0x000001cc   Section        0  libshutdown2.o(.ARM.Collect$$libshutdown$$00000006)
    .ARM.Collect$$libshutdown$$00000009      0x000001cc   Section        0  libshutdown2.o(.ARM.Collect$$libshutdown$$00000009)
    .ARM.Collect$$libshutdown$$0000000B      0x000001cc   Section        0  libshutdown2.o(.ARM.Collect$$libshutdown$$0000000B)
    .ARM.Collect$$libshutdown$$0000000E      0x000001cc   Section        0  libshutdown2.o(.ARM.Collect$$libshutdown$$0000000E)
    .ARM.Collect$$libshutdown$$0000000F      0x000001cc   Section        6  libshutdown2.o(.ARM.Collect$$libshutdown$$0000000F)
    .ARM.Collect$$rtentry$$00000000          0x000001d4   Section        0  __rtentry.o(.ARM.Collect$$rtentry$$00000000)
    .ARM.Collect$$rtentry$$00000002          0x000001d4   Section        0  __rtentry2.o(.ARM.Collect$$rtentry$$00000002)
    .ARM.Collect$$rtentry$$00000004          0x000001d4   Section        8  __rtentry4.o(.ARM.Collect$$rtentry$$00000004)
    .ARM.Collect$$rtentry$$00000009          0x000001dc   Section        0  __rtentry2.o(.ARM.Collect$$rtentry$$00000009)
    .ARM.Collect$$rtentry$$0000000A          0x000001dc   Section        4  __rtentry2.o(.ARM.Collect$$rtentry$$0000000A)
    .ARM.Collect$$rtentry$$0000000C          0x000001e0   Section        0  __rtentry2.o(.ARM.Collect$$rtentry$$0000000C)
    .ARM.Collect$$rtentry$$0000000D          0x000001e0   Section       40  __rtentry2.o(.ARM.Collect$$rtentry$$0000000D)
    .ARM.Collect$$rtexit$$00000000           0x0000020c   Section        4  rtexit.o(.ARM.Collect$$rtexit$$00000000)
    .ARM.Collect$$rtexit$$00000002           0x00000210   Section        0  rtexit2.o(.ARM.Collect$$rtexit$$00000002)
    .ARM.Collect$$rtexit$$00000003           0x00000210   Section        4  rtexit2.o(.ARM.Collect$$rtexit$$00000003)
    .ARM.Collect$$rtexit$$00000004           0x00000214   Section        8  rtexit2.o(.ARM.Collect$$rtexit$$00000004)
    .text                                    0x0000021c   Section       32  startup.o(.text)
    .text                                    0x0000023c   Section        0  main.o(.text)
    .text                                    0x000004cc   Section        0  keyboard.o(.text)
    .text                                    0x00000560   Section        0  led.o(.text)
    .text                                    0x000006ac   Section        0  timer_interrupts.o(.text)
    .text                                    0x000007d4   Section        0  servo.o(.text)
    .text                                    0x000009b8   Section        0  uart.o(.text)
    .text                                    0x00000c2c   Section        0  string.o(.text)
    .text                                    0x00000e60   Section        0  command_decoder.o(.text)
    .text                                    0x0000102c   Section        0  watchdog.o(.text)
    .text                                    0x00001084   Section      384  aeabi_sdiv.o(.text)
    __arm_div8                               0x000010b0   ARM Code       0  aeabi_sdiv.o(.text)
    __arm_div5                               0x000010d4   ARM Code       0  aeabi_sdiv.o(.text)
    __arm_div2                               0x000010f8   ARM Code       0  aeabi_sdiv.o(.text)
    __arm_div_large                          0x00001134   ARM Code       0  aeabi_sdiv.o(.text)
    .text                                    0x00001204   Section        0  heapauxi.o(.text)
    .text                                    0x0000120c   Section       96  sys_stackheap_outer.o(.text)
    .text                                    0x0000126c   Section        0  exit.o(.text)
    .text                                    0x00001278   Section       12  libspace.o(.text)
    .text                                    0x0000128c   Section        0  sys_exit.o(.text)
    .text                                    0x00001298   Section        4  use_no_semi.o(.text)
    .text                                    0x0000129c   Section        0  indicate_semi.o(.text)
    .text_udiv                               0x0000129c   Section       36  aeabi_sdiv.o(.text_udiv)
    .data                                    0x40000000   Section       24  main.o(.data)
    .data                                    0x40000018   Section        4  led.o(.data)
    uiLedState                               0x40000018   Data           4  led.o(.data)
    .data                                    0x4000001c   Section        8  timer_interrupts.o(.data)
    .data                                    0x40000024   Section       49  command_decoder.o(.data)
    .data                                    0x40000055   Section        4  watchdog.o(.data)
    .bss                                     0x4000005c   Section       30  main.o(.bss)
    .bss                                     0x4000007c   Section       12  servo.o(.bss)
    .bss                                     0x40000088   Section       35  uart.o(.bss)
    .bss                                     0x400000ac   Section       16  command_decoder.o(.bss)
    .bss                                     0x400000bc   Section       96  libspace.o(.bss)
    HEAP                                     0x40000120   Section        0  startup.o(HEAP)
    STACK                                    0x40000120   Section     1160  startup.o(STACK)
    Heap_Mem                                 0x40000120   Data           0  startup.o(HEAP)
    Stack_Mem                                0x40000120   Data        1024  startup.o(STACK)
    Stack_Top                                0x400005a8   Data           0  startup.o(STACK)

    Global Symbols

    Symbol Name                              Value     Ov Type        Size  Object(Section)

    BuildAttributes$$THM_ISAv1$ARM_ISAv4$S$PE$A:L22$X:L11$S22$IEEE1$IW$USESV6$~STKCKD$USESV7$~SHL$OSPACE$ROPI$EBA8$UX$STANDARDLIB$REQ8$PRES8$EABIv2 0x00000000   Number         0  anon$$obj.o ABSOLUTE
    __ARM_use_no_argv                        0x00000000   Number         0  main.o ABSOLUTE
    __ARM_exceptions_init                     - Undefined Weak Reference
    __alloca_initialize                       - Undefined Weak Reference
    __arm_preinit_                            - Undefined Weak Reference
    __cpp_initialize__aeabi_                  - Undefined Weak Reference
    __cxa_finalize                            - Undefined Weak Reference
    __rt_locale                               - Undefined Weak Reference
    __sigvec_lookup                           - Undefined Weak Reference
    _atexit_init                              - Undefined Weak Reference
    _call_atexit_fns                          - Undefined Weak Reference
    _clock_init                               - Undefined Weak Reference
    _fp_trap_init                             - Undefined Weak Reference
    _fp_trap_shutdown                         - Undefined Weak Reference
    _get_lc_collate                           - Undefined Weak Reference
    _get_lc_ctype                             - Undefined Weak Reference
    _get_lc_monetary                          - Undefined Weak Reference
    _get_lc_numeric                           - Undefined Weak Reference
    _get_lc_time                              - Undefined Weak Reference
    _getenv_init                              - Undefined Weak Reference
    _handle_redirection                       - Undefined Weak Reference
    _init_alloc                               - Undefined Weak Reference
    _init_user_alloc                          - Undefined Weak Reference
    _initio                                   - Undefined Weak Reference
    _rand_init                                - Undefined Weak Reference
    _signal_finish                            - Undefined Weak Reference
    _signal_init                              - Undefined Weak Reference
    _terminate_alloc                          - Undefined Weak Reference
    _terminate_user_alloc                     - Undefined Weak Reference
    _terminateio                              - Undefined Weak Reference
    Reset_Handler                            0x00000058   ARM Code       0  startup.o(RESET)
    __main                                   0x00000110   ARM Code       8  __main.o(!!!main)
    __scatterload                            0x00000118   ARM Code       0  __scatter.o(!!!scatter)
    __scatterload_rt2                        0x00000118   ARM Code      52  __scatter.o(!!!scatter)
    __scatterload_null                       0x0000012c   ARM Code       0  __scatter.o(!!!scatter)
    __scatterload_copy                       0x00000154   ARM Code      40  __scatter_copy.o(!!handler_copy)
    __scatterload_zeroinit                   0x0000017c   ARM Code      44  __scatter_zi.o(!!handler_zi)
    Inline ARM to Thumb Veneer to __rt_lib_init 0x000001a8   ARM Code       8  libinit.o(.ARM.Collect$$libinit$$00000000)
    __rt_lib_init                            0x000001b1   Thumb Code     0  libinit.o(.ARM.Collect$$libinit$$00000000)
    __rt_lib_init_alloca_1                   0x000001b3   Thumb Code     0  libinit2.o(.ARM.Collect$$libinit$$0000002E)
    __rt_lib_init_argv_1                     0x000001b3   Thumb Code     0  libinit2.o(.ARM.Collect$$libinit$$0000002C)
    __rt_lib_init_atexit_1                   0x000001b3   Thumb Code     0  libinit2.o(.ARM.Collect$$libinit$$0000001B)
    __rt_lib_init_clock_1                    0x000001b3   Thumb Code     0  libinit2.o(.ARM.Collect$$libinit$$00000021)
    __rt_lib_init_cpp_1                      0x000001b3   Thumb Code     0  libinit2.o(.ARM.Collect$$libinit$$00000032)
    __rt_lib_init_exceptions_1               0x000001b3   Thumb Code     0  libinit2.o(.ARM.Collect$$libinit$$00000030)
    __rt_lib_init_fp_1                       0x000001b3   Thumb Code     0  libinit2.o(.ARM.Collect$$libinit$$00000002)
    __rt_lib_init_fp_trap_1                  0x000001b3   Thumb Code     0  libinit2.o(.ARM.Collect$$libinit$$0000001F)
    __rt_lib_init_getenv_1                   0x000001b3   Thumb Code     0  libinit2.o(.ARM.Collect$$libinit$$00000023)
    __rt_lib_init_heap_1                     0x000001b3   Thumb Code     0  libinit2.o(.ARM.Collect$$libinit$$0000000A)
    __rt_lib_init_lc_collate_1               0x000001b3   Thumb Code     0  libinit2.o(.ARM.Collect$$libinit$$00000011)
    __rt_lib_init_lc_ctype_1                 0x000001b3   Thumb Code     0  libinit2.o(.ARM.Collect$$libinit$$00000013)
    __rt_lib_init_lc_monetary_1              0x000001b3   Thumb Code     0  libinit2.o(.ARM.Collect$$libinit$$00000015)
    __rt_lib_init_lc_numeric_1               0x000001b3   Thumb Code     0  libinit2.o(.ARM.Collect$$libinit$$00000017)
    __rt_lib_init_lc_time_1                  0x000001b3   Thumb Code     0  libinit2.o(.ARM.Collect$$libinit$$00000019)
    __rt_lib_init_preinit_1                  0x000001b3   Thumb Code     0  libinit2.o(.ARM.Collect$$libinit$$00000004)
    __rt_lib_init_rand_1                     0x000001b3   Thumb Code     0  libinit2.o(.ARM.Collect$$libinit$$0000000E)
    __rt_lib_init_return                     0x000001b3   Thumb Code     0  libinit2.o(.ARM.Collect$$libinit$$00000033)
    __rt_lib_init_signal_1                   0x000001b3   Thumb Code     0  libinit2.o(.ARM.Collect$$libinit$$0000001D)
    __rt_lib_init_stdio_1                    0x000001b3   Thumb Code     0  libinit2.o(.ARM.Collect$$libinit$$00000025)
    __rt_lib_init_user_alloc_1               0x000001b3   Thumb Code     0  libinit2.o(.ARM.Collect$$libinit$$0000000C)
    Inline ARM to Thumb Veneer to __rt_lib_shutdown 0x000001c0   ARM Code       8  libshutdown.o(.ARM.Collect$$libshutdown$$00000000)
    __rt_lib_shutdown                        0x000001c9   Thumb Code     0  libshutdown.o(.ARM.Collect$$libshutdown$$00000000)
    __rt_lib_shutdown_fp_trap_1              0x000001cd   Thumb Code     0  libshutdown2.o(.ARM.Collect$$libshutdown$$00000006)
    __rt_lib_shutdown_heap_1                 0x000001cd   Thumb Code     0  libshutdown2.o(.ARM.Collect$$libshutdown$$0000000E)
    __rt_lib_shutdown_return                 0x000001cd   Thumb Code     0  libshutdown2.o(.ARM.Collect$$libshutdown$$0000000F)
    __rt_lib_shutdown_signal_1               0x000001cd   Thumb Code     0  libshutdown2.o(.ARM.Collect$$libshutdown$$00000009)
    __rt_lib_shutdown_stdio_1                0x000001cd   Thumb Code     0  libshutdown2.o(.ARM.Collect$$libshutdown$$00000003)
    __rt_lib_shutdown_user_alloc_1           0x000001cd   Thumb Code     0  libshutdown2.o(.ARM.Collect$$libshutdown$$0000000B)
    __rt_entry                               0x000001d4   ARM Code       0  __rtentry.o(.ARM.Collect$$rtentry$$00000000)
    __rt_entry_presh_1                       0x000001d4   ARM Code       0  __rtentry2.o(.ARM.Collect$$rtentry$$00000002)
    __rt_entry_sh                            0x000001d4   ARM Code       0  __rtentry4.o(.ARM.Collect$$rtentry$$00000004)
    __rt_entry_li                            0x000001dc   ARM Code       0  __rtentry2.o(.ARM.Collect$$rtentry$$0000000A)
    __rt_entry_postsh_1                      0x000001dc   ARM Code       0  __rtentry2.o(.ARM.Collect$$rtentry$$00000009)
    __rt_entry_main                          0x000001e0   ARM Code       0  __rtentry2.o(.ARM.Collect$$rtentry$$0000000D)
    __rt_entry_postli_1                      0x000001e0   ARM Code       0  __rtentry2.o(.ARM.Collect$$rtentry$$0000000C)
    Inline Thumb to ARM Veneer to __rt_exit  0x00000209   Thumb Code     4  rtexit.o(.ARM.Collect$$rtexit$$00000000)
    __rt_exit                                0x0000020c   ARM Code       0  rtexit.o(.ARM.Collect$$rtexit$$00000000)
    __rt_exit_ls                             0x00000210   ARM Code       0  rtexit2.o(.ARM.Collect$$rtexit$$00000003)
    __rt_exit_prels_1                        0x00000210   ARM Code       0  rtexit2.o(.ARM.Collect$$rtexit$$00000002)
    __rt_exit_exit                           0x00000214   ARM Code       0  rtexit2.o(.ARM.Collect$$rtexit$$00000004)
    __user_initial_stackheap                 0x0000021c   ARM Code       0  startup.o(.text)
    main                                     0x0000023c   ARM Code     560  main.o(.text)
    KeyboardInit                             0x000004cc   ARM Code      24  keyboard.o(.text)
    eKeyboard_Read                           0x000004e4   ARM Code     120  keyboard.o(.text)
    Led_Init                                 0x00000560   ARM Code      40  led.o(.text)
    Led_On                                   0x00000588   ARM Code     152  led.o(.text)
    Led_Step                                 0x00000620   ARM Code      92  led.o(.text)
    Led_StepLeft                             0x0000067c   ARM Code      20  led.o(.text)
    Led_StepRight                            0x00000690   ARM Code      20  led.o(.text)
    Timer0IRQHandler                         0x000006ac   ARM Code      48  timer_interrupts.o(.text)
    Timer0Interrupts_Init                    0x000006dc   ARM Code      92  timer_interrupts.o(.text)
    Timer1IRQHandler                         0x00000738   ARM Code      48  timer_interrupts.o(.text)
    Timer1Interrupts_Init                    0x00000768   ARM Code      92  timer_interrupts.o(.text)
    DetectorInit                             0x000007d4   ARM Code      24  servo.o(.text)
    eKeyboardRead                            0x000007ec   ARM Code      36  servo.o(.text)
    ServoControll                            0x00000810   ARM Code     324  servo.o(.text)
    Servo_Init                               0x00000954   ARM Code      60  servo.o(.text)
    Servo_Callib                             0x00000990   ARM Code      16  servo.o(.text)
    Servo_GoTo                               0x000009a0   ARM Code      12  servo.o(.text)
    Reciever_PutCharacterToBuffer            0x000009b8   ARM Code     132  uart.o(.text)
    eReciever_GetStatus                      0x00000a3c   ARM Code      12  uart.o(.text)
    Reciever_GetStringCopy                   0x00000a48   ARM Code      40  uart.o(.text)
    Transmiter_GetCharacterFromBuffer        0x00000a70   ARM Code     112  uart.o(.text)
    Transmiter_SendString                    0x00000ae0   ARM Code      64  uart.o(.text)
    Transmiter_GetStatus                     0x00000b20   ARM Code      12  uart.o(.text)
    UART0_Interrupt                          0x00000b2c   ARM Code      92  uart.o(.text)
    UART_InitWithInt                         0x00000b88   ARM Code     144  uart.o(.text)
    CopyString                               0x00000c2c   ARM Code      52  string.o(.text)
    AppendString                             0x00000c60   ARM Code      60  string.o(.text)
    eCompareString                           0x00000c9c   ARM Code      68  string.o(.text)
    ReplaceCharactersInString                0x00000ce0   ARM Code      52  string.o(.text)
    UIntToHexStr                             0x00000d14   ARM Code     112  string.o(.text)
    AppendUIntToString                       0x00000d84   ARM Code      60  string.o(.text)
    eHexStringToUInt                         0x00000dc0   ARM Code     160  string.o(.text)
    ucFindTokensInString                     0x00000e60   ARM Code     156  command_decoder.o(.text)
    eStringToKeyword                         0x00000efc   ARM Code     108  command_decoder.o(.text)
    DecodeTokens                             0x00000f68   ARM Code     132  command_decoder.o(.text)
    DecodeMsg                                0x00000fec   ARM Code      52  command_decoder.o(.text)
    WatchUpdate                              0x0000102c   ARM Code      84  watchdog.o(.text)
    __aeabi_idiv                             0x00001084   ARM Code       0  aeabi_sdiv.o(.text)
    __aeabi_idivmod                          0x00001084   ARM Code     384  aeabi_sdiv.o(.text)
    __use_two_region_memory                  0x00001205   Thumb Code     2  heapauxi.o(.text)
    __rt_heap_escrow$2region                 0x00001207   Thumb Code     2  heapauxi.o(.text)
    __rt_heap_expand$2region                 0x00001209   Thumb Code     2  heapauxi.o(.text)
    __user_setup_stackheap                   0x0000120c   ARM Code      96  sys_stackheap_outer.o(.text)
    exit                                     0x0000126d   Thumb Code    12  exit.o(.text)
    __user_libspace                          0x00001278   ARM Code      12  libspace.o(.text)
    __user_perproc_libspace                  0x00001278   ARM Code       0  libspace.o(.text)
    __user_perthread_libspace                0x00001278   ARM Code       0  libspace.o(.text)
    Inline ARM to Thumb Veneer to _sys_exit  0x00001284   ARM Code       8  sys_exit.o(.text)
    _sys_exit                                0x0000128d   Thumb Code     8  sys_exit.o(.text)
    __I$use$semihosting                      0x00001298   ARM Code       0  use_no_semi.o(.text)
    __use_no_semihosting_swi                 0x00001298   ARM Code       4  use_no_semi.o(.text)
    __aeabi_uidiv                            0x0000129c   ARM Code       0  aeabi_sdiv.o(.text_udiv)
    __aeabi_uidivmod                         0x0000129c   ARM Code      36  aeabi_sdiv.o(.text_udiv)
    __semihosting_library_function           0x0000129c   ARM Code       0  indicate_semi.o(.text)
    Region$$Table$$Base                      0x000012c0   Number         0  anon$$obj.o(Region$$Table)
    Region$$Table$$Limit                     0x000012e0   Number         0  anon$$obj.o(Region$$Table)
    cSecondsString                           0x40000000   Data           7  main.o(.data)
    cMinutesString                           0x40000007   Data           7  main.o(.data)
    cCalcString                              0x4000000e   Data           7  main.o(.data)
    fCalc                                    0x40000015   Data           1  main.o(.data)
    fId                                      0x40000016   Data           1  main.o(.data)
    fUnknown                                 0x40000017   Data           1  main.o(.data)
    ptrTimer0InterruptFunction               0x4000001c   Data           4  timer_interrupts.o(.data)
    ptrTimer1InterruptFunction               0x40000020   Data           4  timer_interrupts.o(.data)
    asKeywordList                            0x40000024   Data          48  command_decoder.o(.data)
    ucTokenNr                                0x40000054   Data           1  command_decoder.o(.data)
    sWatch                                   0x40000055   Data           4  watchdog.o(.data)
    cReceivedString                          0x4000005c   Data          15  main.o(.bss)
    cTransmitString                          0x4000006b   Data          15  main.o(.bss)
    sServo                                   0x4000007c   Data          12  servo.o(.bss)
    sRecieverBuffer                          0x40000088   Data          17  uart.o(.bss)
    sTransmiterBuffer                        0x40000099   Data          18  uart.o(.bss)
    asToken                                  0x400000ac   Data          16  command_decoder.o(.bss)
    __libspace_start                         0x400000bc   Data          96  libspace.o(.bss)
    __temporary_stack_top$libspace           0x4000011c   Data           0  libspace.o(.bss)



==============================================================================

Memory Map of the image

  Image Entry point : 0x00000110

  Load Region LR_IROM1 (Base: 0x00000000, Size: 0x0000133c, Max: 0x00040000, ABSOLUTE)

    Execution Region ER_IROM1 (Base: 0x00000000, Size: 0x000012e0, Max: 0x00040000, ABSOLUTE)

    Base Addr    Size         Type   Attr      Idx    E Section Name        Object

    0x00000000   0x00000110   Code   RO            3    RESET               startup.o
    0x00000110   0x00000008   Code   RO          187  * !!!main             c_t.l(__main.o)
    0x00000118   0x0000003c   Code   RO          355    !!!scatter          c_t.l(__scatter.o)
    0x00000154   0x00000028   Code   RO          357    !!handler_copy      c_t.l(__scatter_copy.o)
    0x0000017c   0x0000002c   Code   RO          359    !!handler_zi        c_t.l(__scatter_zi.o)
    0x000001a8   0x00000008   Ven    RO          224    .ARM.Collect$$libinit$$00000000  c_t.l(libinit.o)
    0x000001b0   0x00000002   Code   RO          224    .ARM.Collect$$libinit$$00000000  c_t.l(libinit.o)
    0x000001b2   0x00000000   Code   RO          237    .ARM.Collect$$libinit$$00000002  c_t.l(libinit2.o)
    0x000001b2   0x00000000   Code   RO          239    .ARM.Collect$$libinit$$00000004  c_t.l(libinit2.o)
    0x000001b2   0x00000000   Code   RO          242    .ARM.Collect$$libinit$$0000000A  c_t.l(libinit2.o)
    0x000001b2   0x00000000   Code   RO          244    .ARM.Collect$$libinit$$0000000C  c_t.l(libinit2.o)
    0x000001b2   0x00000000   Code   RO          246    .ARM.Collect$$libinit$$0000000E  c_t.l(libinit2.o)
    0x000001b2   0x00000000   Code   RO          249    .ARM.Collect$$libinit$$00000011  c_t.l(libinit2.o)
    0x000001b2   0x00000000   Code   RO          251    .ARM.Collect$$libinit$$00000013  c_t.l(libinit2.o)
    0x000001b2   0x00000000   Code   RO          253    .ARM.Collect$$libinit$$00000015  c_t.l(libinit2.o)
    0x000001b2   0x00000000   Code   RO          255    .ARM.Collect$$libinit$$00000017  c_t.l(libinit2.o)
    0x000001b2   0x00000000   Code   RO          257    .ARM.Collect$$libinit$$00000019  c_t.l(libinit2.o)
    0x000001b2   0x00000000   Code   RO          259    .ARM.Collect$$libinit$$0000001B  c_t.l(libinit2.o)
    0x000001b2   0x00000000   Code   RO          261    .ARM.Collect$$libinit$$0000001D  c_t.l(libinit2.o)
    0x000001b2   0x00000000   Code   RO          263    .ARM.Collect$$libinit$$0000001F  c_t.l(libinit2.o)
    0x000001b2   0x00000000   Code   RO          265    .ARM.Collect$$libinit$$00000021  c_t.l(libinit2.o)
    0x000001b2   0x00000000   Code   RO          267    .ARM.Collect$$libinit$$00000023  c_t.l(libinit2.o)
    0x000001b2   0x00000000   Code   RO          269    .ARM.Collect$$libinit$$00000025  c_t.l(libinit2.o)
    0x000001b2   0x00000000   Code   RO          273    .ARM.Collect$$libinit$$0000002C  c_t.l(libinit2.o)
    0x000001b2   0x00000000   Code   RO          275    .ARM.Collect$$libinit$$0000002E  c_t.l(libinit2.o)
    0x000001b2   0x00000000   Code   RO          277    .ARM.Collect$$libinit$$00000030  c_t.l(libinit2.o)
    0x000001b2   0x00000000   Code   RO          279    .ARM.Collect$$libinit$$00000032  c_t.l(libinit2.o)
    0x000001b2   0x0000000c   Code   RO          280    .ARM.Collect$$libinit$$00000033  c_t.l(libinit2.o)
    0x000001be   0x00000002   PAD
    0x000001c0   0x00000008   Ven    RO          313    .ARM.Collect$$libshutdown$$00000000  c_t.l(libshutdown.o)
    0x000001c8   0x00000004   Code   RO          313    .ARM.Collect$$libshutdown$$00000000  c_t.l(libshutdown.o)
    0x000001cc   0x00000000   Code   RO          340    .ARM.Collect$$libshutdown$$00000003  c_t.l(libshutdown2.o)
    0x000001cc   0x00000000   Code   RO          343    .ARM.Collect$$libshutdown$$00000006  c_t.l(libshutdown2.o)
    0x000001cc   0x00000000   Code   RO          346    .ARM.Collect$$libshutdown$$00000009  c_t.l(libshutdown2.o)
    0x000001cc   0x00000000   Code   RO          348    .ARM.Collect$$libshutdown$$0000000B  c_t.l(libshutdown2.o)
    0x000001cc   0x00000000   Code   RO          351    .ARM.Collect$$libshutdown$$0000000E  c_t.l(libshutdown2.o)
    0x000001cc   0x00000006   Code   RO          352    .ARM.Collect$$libshutdown$$0000000F  c_t.l(libshutdown2.o)
    0x000001d2   0x00000002   PAD
    0x000001d4   0x00000000   Code   RO          189    .ARM.Collect$$rtentry$$00000000  c_t.l(__rtentry.o)
    0x000001d4   0x00000000   Code   RO          195    .ARM.Collect$$rtentry$$00000002  c_t.l(__rtentry2.o)
    0x000001d4   0x00000008   Code   RO          207    .ARM.Collect$$rtentry$$00000004  c_t.l(__rtentry4.o)
    0x000001dc   0x00000000   Code   RO          197    .ARM.Collect$$rtentry$$00000009  c_t.l(__rtentry2.o)
    0x000001dc   0x00000004   Code   RO          198    .ARM.Collect$$rtentry$$0000000A  c_t.l(__rtentry2.o)
    0x000001e0   0x00000000   Code   RO          200    .ARM.Collect$$rtentry$$0000000C  c_t.l(__rtentry2.o)
    0x000001e0   0x00000028   Code   RO          201    .ARM.Collect$$rtentry$$0000000D  c_t.l(__rtentry2.o)
    0x00000208   0x00000004   Ven    RO          228    .ARM.Collect$$rtexit$$00000000  c_t.l(rtexit.o)
    0x0000020c   0x00000004   Code   RO          228    .ARM.Collect$$rtexit$$00000000  c_t.l(rtexit.o)
    0x00000210   0x00000000   Code   RO          284    .ARM.Collect$$rtexit$$00000002  c_t.l(rtexit2.o)
    0x00000210   0x00000004   Code   RO          285    .ARM.Collect$$rtexit$$00000003  c_t.l(rtexit2.o)
    0x00000214   0x00000008   Code   RO          286    .ARM.Collect$$rtexit$$00000004  c_t.l(rtexit2.o)
    0x0000021c   0x00000020   Code   RO            4    .text               startup.o
    0x0000023c   0x00000290   Code   RO           11    .text               main.o
    0x000004cc   0x00000094   Code   RO           43    .text               keyboard.o
    0x00000560   0x0000014c   Code   RO           55    .text               led.o
    0x000006ac   0x00000128   Code   RO           69    .text               timer_interrupts.o
    0x000007d4   0x000001e4   Code   RO           84    .text               servo.o
    0x000009b8   0x00000274   Code   RO           99    .text               uart.o
    0x00000c2c   0x00000234   Code   RO          120    .text               string.o
    0x00000e60   0x000001cc   Code   RO          132    .text               command_decoder.o
    0x0000102c   0x00000058   Code   RO          151    .text               watchdog.o
    0x00001084   0x00000180   Code   RO          169    .text               c_t.l(aeabi_sdiv.o)
    0x00001204   0x00000006   Code   RO          185    .text               c_t.l(heapauxi.o)
    0x0000120a   0x00000002   PAD
    0x0000120c   0x00000060   Code   RO          211    .text               c_t.l(sys_stackheap_outer.o)
    0x0000126c   0x0000000c   Code   RO          213    .text               c_t.l(exit.o)
    0x00001278   0x0000000c   Code   RO          225    .text               c_t.l(libspace.o)
    0x00001284   0x00000008   Ven    RO          281    .text               c_t.l(sys_exit.o)
    0x0000128c   0x0000000c   Code   RO          281    .text               c_t.l(sys_exit.o)
    0x00001298   0x00000004   Code   RO          302    .text               c_t.l(use_no_semi.o)
    0x0000129c   0x00000000   Code   RO          304    .text               c_t.l(indicate_semi.o)
    0x0000129c   0x00000024   Code   RO          170    .text_udiv          c_t.l(aeabi_sdiv.o)
    0x000012c0   0x00000020   Data   RO          353    Region$$Table       anon$$obj.o


    Execution Region RW_IRAM1 (Base: 0x40000000, Size: 0x000005a8, Max: 0x00004000, ABSOLUTE)

    Base Addr    Size         Type   Attr      Idx    E Section Name        Object

    0x40000000   0x00000018   Data   RW           13    .data               main.o
    0x40000018   0x00000004   Data   RW           56    .data               led.o
    0x4000001c   0x00000008   Data   RW           70    .data               timer_interrupts.o
    0x40000024   0x00000031   Data   RW          134    .data               command_decoder.o
    0x40000055   0x00000004   Data   RW          152    .data               watchdog.o
    0x40000059   0x00000003   PAD
    0x4000005c   0x0000001e   Zero   RW           12    .bss                main.o
    0x4000007a   0x00000002   PAD
    0x4000007c   0x0000000c   Zero   RW           85    .bss                servo.o
    0x40000088   0x00000023   Zero   RW          100    .bss                uart.o
    0x400000ab   0x00000001   PAD
    0x400000ac   0x00000010   Zero   RW          133    .bss                command_decoder.o
    0x400000bc   0x00000060   Zero   RW          226    .bss                c_t.l(libspace.o)
    0x4000011c   0x00000004   PAD
    0x40000120   0x00000000   Zero   RW            2    HEAP                startup.o
    0x40000120   0x00000488   Zero   RW            1    STACK               startup.o


==============================================================================

Image component sizes


      Code (inc. data)   RO Data    RW Data    ZI Data      Debug   Object Name

       460         12          0         49         16       3161   command_decoder.o
       148          4          0          0          0        698   keyboard.o
       332          8          0          4          0       1490   led.o
       656         96          0         24         30       3802   main.o
       484         12          0          0         12       2223   servo.o
       304         60          0          0       1160        684   startup.o
       564          0          0          0          0       2444   string.o
       296         16          0          8          0       2244   timer_interrupts.o
       628         20          0          0         35       3021   uart.o
        88          4          0          4          0       1087   watchdog.o

    ----------------------------------------------------------------------
      3960        232         32         92       1256      20854   Object Totals
         0          0         32          0          0          0   (incl. Generated)
         0          0          0          3          3          0   (incl. Padding)

    ----------------------------------------------------------------------

      Code (inc. data)   RO Data    RW Data    ZI Data      Debug   Library Member Name

         8          0          0          0          0         68   __main.o
         0          0          0          0          0          0   __rtentry.o
        44          4          0          0          0          0   __rtentry2.o
         8          0          0          0          0          0   __rtentry4.o
        60          8          0          0          0          0   __scatter.o
        40          0          0          0          0          0   __scatter_copy.o
        44          0          0          0          0          0   __scatter_zi.o
       420          0          0          0          0        148   aeabi_sdiv.o
        12          0          0          0          0         64   exit.o
         6          0          0          0          0        136   heapauxi.o
         0          0          0          0          0          0   indicate_semi.o
        10          0          0          0          0          0   libinit.o
        12          0          0          0          0          0   libinit2.o
        12          0          0          0          0          0   libshutdown.o
         6          0          0          0          0          0   libshutdown2.o
        12          4          0          0         96         68   libspace.o
         8          0          0          0          0          0   rtexit.o
        12          0          0          0          0          0   rtexit2.o
        20          4          0          0          0         60   sys_exit.o
        96          0          0          0          0         80   sys_stackheap_outer.o
         4          0          0          0          0         68   use_no_semi.o

    ----------------------------------------------------------------------
       840         20          0          0        100        692   Library Totals
         6          0          0          0          4          0   (incl. Padding)

    ----------------------------------------------------------------------

      Code (inc. data)   RO Data    RW Data    ZI Data      Debug   Library Name

       834         20          0          0         96        692   c_t.l

    ----------------------------------------------------------------------
       840         20          0          0        100        692   Library Totals

    ----------------------------------------------------------------------

==============================================================================


      Code (inc. data)   RO Data    RW Data    ZI Data      Debug   

      4800        252         32         92       1356      20726   Grand Totals
      4800        252         32         92       1356      20726   ELF Image Totals
      4800        252         32         92          0          0   ROM Totals

==============================================================================

    Total RO  Size (Code + RO Data)                 4832 (   4.72kB)
    Total RW  Size (RW Data + ZI Data)              1448 (   1.41kB)
    Total ROM Size (Code + RO Data + RW Data)       4924 (   4.81kB)

==============================================================================

