<html>
<body>
<pre>
<h1>µVision Build Log</h1>
<h2>Project:</h2>
H:\Users\Guest\Desktop\Przerwania ogarnij sie - moje\Przerwania ogarnij sie - moje\interrupts\MiTP.uvproj
Project File Date:  02/23/2016

<h2>Output:</h2>
Rebuild target 'Target 1'
assembling Startup.s...
compiling main.c...
compiling keyboard.c...
compiling led.c...
compiling timer_interrupts.c...
linking...
Program Size: Code=1576 RO-data=32 RW-data=12 ZI-data=1260  
FromELF: creating hex file...
".\MiTP.axf" - 0 Errors, 0 Warning(s).
Rebuild target 'Target 1'
assembling Startup.s...
compiling main.c...
compiling keyboard.c...
compiling led.c...
compiling timer_interrupts.c...
linking...
Program Size: Code=1576 RO-data=32 RW-data=12 ZI-data=1260  
FromELF: creating hex file...
".\MiTP.axf" - 0 Errors, 0 Warning(s).
Rebuild target 'Target 1'
assembling Startup.s...
compiling main.c...
compiling keyboard.c...
compiling led.c...
compiling timer_interrupts.c...
linking...
Program Size: Code=1576 RO-data=32 RW-data=12 ZI-data=1260  
FromELF: creating hex file...
".\MiTP.axf" - 0 Errors, 0 Warning(s).
Rebuild target 'Target 1'
assembling Startup.s...
compiling main.c...
compiling keyboard.c...
compiling led.c...
compiling timer_interrupts.c...
compiling servo.c...
..\..\Servo\servo.c(31): warning:  #1-D: last line of file ends without a newline
linking...
Program Size: Code=1576 RO-data=32 RW-data=12 ZI-data=1260  
FromELF: creating hex file...
".\MiTP.axf" - 0 Errors, 1 Warning(s).
Rebuild target 'Target 1'
assembling Startup.s...
compiling main.c...
compiling keyboard.c...
compiling led.c...
compiling timer_interrupts.c...
compiling servo.c...
linking...
Program Size: Code=1576 RO-data=32 RW-data=12 ZI-data=1260  
FromELF: creating hex file...
".\MiTP.axf" - 0 Errors, 0 Warning(s).
Rebuild target 'Target 1'
assembling Startup.s...
compiling main.c...
compiling keyboard.c...
compiling led.c...
compiling timer_interrupts.c...
compiling servo.c...
linking...
Program Size: Code=1576 RO-data=32 RW-data=12 ZI-data=1260  
FromELF: creating hex file...
".\MiTP.axf" - 0 Errors, 0 Warning(s).
Rebuild target 'Target 1'
assembling Startup.s...
compiling main.c...
main.c(10): error:  #20: identifier "IO0DIR" is undefined
main.c(14): error:  #20: identifier "IO0PIN" is undefined
main.c(81): error:  #20: identifier "Automat" is undefined
compiling keyboard.c...
compiling led.c...
compiling timer_interrupts.c...
compiling servo.c...
".\MiTP.axf" - 3 Errors, 0 Warning(s).
Target not created
Rebuild target 'Target 1'
assembling Startup.s...
compiling main.c...
main.c(82): error:  #20: identifier "Automat" is undefined
compiling keyboard.c...
compiling led.c...
compiling timer_interrupts.c...
compiling servo.c...
".\MiTP.axf" - 1 Errors, 0 Warning(s).
Target not created
Rebuild target 'Target 1'
assembling Startup.s...
compiling main.c...
compiling keyboard.c...
compiling led.c...
compiling timer_interrupts.c...
compiling servo.c...
linking...
.\MiTP.axf: Error: L6200E: Symbol sServo multiply defined (by servo.o and main.o).
.\MiTP.axf: Error: L6200E: Symbol DetectorInit multiply defined (by servo.o and main.o).
.\MiTP.axf: Error: L6200E: Symbol eReadDetector multiply defined (by servo.o and main.o).
".\MiTP.axf" - 3 Errors, 0 Warning(s).
Target not created
Rebuild target 'Target 1'
assembling Startup.s...
compiling main.c...
compiling keyboard.c...
compiling led.c...
compiling timer_interrupts.c...
compiling servo.c...
linking...
Program Size: Code=1604 RO-data=32 RW-data=8 ZI-data=1272  
FromELF: creating hex file...
".\MiTP.axf" - 0 Errors, 0 Warning(s).
Rebuild target 'Target 1'
assembling Startup.s...
compiling main.c...
main.c(38): warning:  #177-D: variable "eServoState" was declared but never referenced
compiling keyboard.c...
compiling led.c...
compiling timer_interrupts.c...
compiling servo.c...
linking...
Program Size: Code=1848 RO-data=32 RW-data=8 ZI-data=1272  
FromELF: creating hex file...
".\MiTP.axf" - 0 Errors, 1 Warning(s).
Rebuild target 'Target 1'
assembling Startup.s...
compiling main.c...
compiling keyboard.c...
compiling led.c...
compiling timer_interrupts.c...
compiling servo.c...
linking...
Program Size: Code=1856 RO-data=32 RW-data=8 ZI-data=1272  
FromELF: creating hex file...
".\MiTP.axf" - 0 Errors, 0 Warning(s).
Rebuild target 'Target 1'
assembling Startup.s...
compiling main.c...
compiling keyboard.c...
compiling led.c...
compiling timer_interrupts.c...
compiling servo.c...
linking...
Program Size: Code=1856 RO-data=32 RW-data=8 ZI-data=1272  
FromELF: creating hex file...
".\MiTP.axf" - 0 Errors, 0 Warning(s).
Rebuild target 'Target 1'
assembling Startup.s...
compiling main.c...
compiling keyboard.c...
compiling led.c...
compiling timer_interrupts.c...
compiling servo.c...
linking...
Program Size: Code=1856 RO-data=32 RW-data=8 ZI-data=1272  
FromELF: creating hex file...
".\MiTP.axf" - 0 Errors, 0 Warning(s).
Rebuild target 'Target 1'
assembling Startup.s...
compiling main.c...
compiling keyboard.c...
compiling led.c...
compiling timer_interrupts.c...
compiling servo.c...
linking...
Program Size: Code=1856 RO-data=32 RW-data=8 ZI-data=1272  
FromELF: creating hex file...
".\MiTP.axf" - 0 Errors, 0 Warning(s).
Rebuild target 'Target 1'
assembling Startup.s...
compiling main.c...
compiling keyboard.c...
compiling led.c...
compiling timer_interrupts.c...
compiling servo.c...
linking...
Program Size: Code=1684 RO-data=32 RW-data=4 ZI-data=1268  
FromELF: creating hex file...
".\MiTP.axf" - 0 Errors, 0 Warning(s).
Rebuild target 'Target 1'
assembling Startup.s...
compiling main.c...
compiling keyboard.c...
compiling led.c...
compiling timer_interrupts.c...
compiling servo.c...
linking...
Program Size: Code=1688 RO-data=32 RW-data=4 ZI-data=1268  
FromELF: creating hex file...
".\MiTP.axf" - 0 Errors, 0 Warning(s).
Rebuild target 'Target 1'
assembling Startup.s...
compiling main.c...
compiling keyboard.c...
compiling led.c...
compiling timer_interrupts.c...
compiling servo.c...
linking...
Program Size: Code=1692 RO-data=32 RW-data=4 ZI-data=1268  
FromELF: creating hex file...
".\MiTP.axf" - 0 Errors, 0 Warning(s).
Rebuild target 'Target 1'
assembling Startup.s...
compiling main.c...
compiling keyboard.c...
compiling led.c...
compiling timer_interrupts.c...
compiling servo.c...
linking...
Program Size: Code=1700 RO-data=32 RW-data=4 ZI-data=1268  
FromELF: creating hex file...
".\MiTP.axf" - 0 Errors, 0 Warning(s).
Rebuild target 'Target 1'
assembling Startup.s...
compiling main.c...
compiling keyboard.c...
compiling led.c...
compiling timer_interrupts.c...
compiling servo.c...
linking...
Program Size: Code=1600 RO-data=32 RW-data=4 ZI-data=1260  
FromELF: creating hex file...
".\MiTP.axf" - 0 Errors, 0 Warning(s).
Rebuild target 'Target 1'
assembling Startup.s...
compiling main.c...
main.c(16): error:  #20: identifier "DETECTOR_bm" is undefined
compiling keyboard.c...
compiling led.c...
compiling timer_interrupts.c...
compiling servo.c...
".\MiTP.axf" - 1 Errors, 0 Warning(s).
Target not created
Rebuild target 'Target 1'
assembling Startup.s...
compiling main.c...
compiling keyboard.c...
compiling led.c...
compiling timer_interrupts.c...
compiling servo.c...
linking...
Program Size: Code=1600 RO-data=32 RW-data=4 ZI-data=1260  
FromELF: creating hex file...
".\MiTP.axf" - 0 Errors, 0 Warning(s).
Rebuild target 'Target 1'
assembling Startup.s...
compiling main.c...
compiling keyboard.c...
compiling led.c...
compiling timer_interrupts.c...
compiling servo.c...
linking...
Program Size: Code=1600 RO-data=32 RW-data=4 ZI-data=1260  
FromELF: creating hex file...
".\MiTP.axf" - 0 Errors, 0 Warning(s).
Rebuild target 'Target 1'
assembling Startup.s...
compiling main.c...
main.c(8): warning:  #1-D: last line of file ends without a newline
compiling keyboard.c...
compiling led.c...
compiling timer_interrupts.c...
compiling servo.c...
..\..\Servo\servo.c(46): warning:  #223-D: function "Led_Init" declared implicitly
..\..\Servo\servo.c(47): warning:  #223-D: function "Timer0Interrupts_Init" declared implicitly
..\..\Servo\servo.c(47): error:  #20: identifier "Automat" is undefined
..\..\Servo\servo.c(55): warning:  #223-D: function "Led_StepLeft" declared implicitly
..\..\Servo\servo.c(60): warning:  #223-D: function "Led_StepRight" declared implicitly
..\..\Servo\servo.c(71): warning:  #223-D: function "Led_StepRight" declared implicitly
..\..\Servo\servo.c(91): warning:  #1-D: last line of file ends without a newline
".\MiTP.axf" - 1 Errors, 7 Warning(s).
Target not created
