<html>
<body>
<pre>
<h1>µVision Build Log</h1>
<h2>Tool Versions:</h2>
IDE-Version: µVision V5.13.0.0
Copyright (C) 2014 ARM Ltd and ARM Germany GmbH. All rights reserved.
License Information: hfd dgh, dghdgh, LIC=----
 
Tool Versions:
Toolchain:       MDK-Lite  Version: 5.13.0.0
Toolchain Path:  E:\Keil_v5\ARM\ARMCC\Bin
C Compiler:      Armcc.exe V5.05 update 1 (build 106)
Assembler:       Armasm.exe V5.05 update 1 (build 106)
Linker/Locator:  ArmLink.exe V5.05 update 1 (build 106)
Library Manager: ArmAr.exe V5.05 update 1 (build 106)
Hex Converter:   FromElf.exe V5.05 update 1 (build 106)
CPU DLL:         SARM.DLL V5.13.0.0
Dialog DLL:      DARMP.DLL V1.51
Target DLL:      UL2ARM.DLL V1.74.5.0
Dialog DLL:      TARMP.DLL V1.51
 
<h2>Project:</h2>
E:\dokumenty\Kuba\STUDIA\VI Semestr\Mirek\stare\Æwiczenia Laboratoryjne\8. Odbiór i dekodowanie ³añcuchów znakowych #skonczone\MiTP.uvproj
Project File Date:  04/05/2017

<h2>Output:</h2>
Rebuild target 'Target 1'
assembling Startup.s...
compiling main.c...
compiling keyboard.c...
compiling led.c...
compiling timer_interrupts.c...
compiling servo.c...
compiling uart.c...
compiling string.c...
compiling command_decoder.c...
linking...
Program Size: Code=3584 RO-data=32 RW-data=36 ZI-data=1324  
FromELF: creating hex file...
".\MiTP.axf" - 0 Error(s), 0 Warning(s).
</pre>
</body>
</html>
