Component: ARM Compiler 5.05 update 1 (build 106) Tool: armlink [4d0efa]

==============================================================================

Section Cross References

    startup.o(STACK) refers (Special) to heapauxi.o(.text) for __use_two_region_memory
    startup.o(HEAP) refers (Special) to heapauxi.o(.text) for __use_two_region_memory
    startup.o(RESET) refers (Special) to heapauxi.o(.text) for __use_two_region_memory
    startup.o(RESET) refers to startup.o(STACK) for Stack_Top
    startup.o(RESET) refers to __main.o(!!!main) for __main
    startup.o(.text) refers (Special) to heapauxi.o(.text) for __use_two_region_memory
    startup.o(.text) refers to startup.o(HEAP) for Heap_Mem
    startup.o(.text) refers to startup.o(STACK) for Stack_Mem
    main.o(.text) refers to uart.o(.text) for UART_InitWithInt
    main.o(.text) refers to keyboard.o(.text) for KeyboardInit
    main.o(.text) refers to servo.o(.text) for Servo_Init
    led.o(.text) refers to led.o(.data) for uiLedState
    timer_interrupts.o(.text) refers to timer_interrupts.o(.data) for ptrTimer0InterruptFunction
    servo.o(.text) refers to led.o(.text) for Led_StepLeft
    servo.o(.text) refers to timer_interrupts.o(.text) for Timer0Interrupts_Init
    servo.o(.text) refers to servo.o(.bss) for sServo
    uart.o(.text) refers to aeabi_sdiv.o(.text_udiv) for __aeabi_uidivmod
    uart.o(.text) refers to uart.o(.data) for cOdebranyZnak
    aeabi_sdiv.o(.text_udiv) refers to aeabi_sdiv.o(.text) for __arm_div2
    aeabi_sdiv_div0.o(.text_udiv) refers to aeabi_sdiv_div0.o(.text) for __arm_div2
    __main.o(!!!main) refers to __rtentry.o(.ARM.Collect$$rtentry$$00000000) for __rt_entry
    __rtentry.o(.ARM.Collect$$rtentry$$00000000) refers (Special) to __rtentry2.o(.ARM.Collect$$rtentry$$0000000A) for __rt_entry_li
    __rtentry.o(.ARM.Collect$$rtentry$$00000000) refers (Special) to __rtentry2.o(.ARM.Collect$$rtentry$$0000000D) for __rt_entry_main
    __rtentry.o(.ARM.Collect$$rtentry$$00000000) refers (Special) to __rtentry2.o(.ARM.Collect$$rtentry$$0000000C) for __rt_entry_postli_1
    __rtentry.o(.ARM.Collect$$rtentry$$00000000) refers (Special) to __rtentry2.o(.ARM.Collect$$rtentry$$00000009) for __rt_entry_postsh_1
    __rtentry.o(.ARM.Collect$$rtentry$$00000000) refers (Special) to __rtentry2.o(.ARM.Collect$$rtentry$$00000002) for __rt_entry_presh_1
    __rtentry.o(.ARM.Collect$$rtentry$$00000000) refers (Special) to __rtentry4.o(.ARM.Collect$$rtentry$$00000004) for __rt_entry_sh
    aeabi_idiv0_sigfpe.o(.text) refers to rt_div0.o(.text) for __rt_div0
    __rtentry2.o(.ARM.Collect$$rtentry$$00000008) refers to boardinit2.o(.text) for _platform_post_stackheap_init
    __rtentry2.o(.ARM.Collect$$rtentry$$0000000A) refers to libinit.o(.ARM.Collect$$libinit$$00000000) for __rt_lib_init
    __rtentry2.o(.ARM.Collect$$rtentry$$0000000B) refers to boardinit3.o(.text) for _platform_post_lib_init
    __rtentry2.o(.ARM.Collect$$rtentry$$0000000D) refers to exit.o(.text) for exit
    __rtentry2.o(.ARM.Collect$$rtentry$$0000000D) refers to main.o(.text) for main
    __rtentry2.o(.ARM.exidx) refers to __rtentry2.o(.ARM.Collect$$rtentry$$00000001) for .ARM.Collect$$rtentry$$00000001
    __rtentry2.o(.ARM.exidx) refers to __rtentry2.o(.ARM.Collect$$rtentry$$00000008) for .ARM.Collect$$rtentry$$00000008
    __rtentry2.o(.ARM.exidx) refers to __rtentry2.o(.ARM.Collect$$rtentry$$0000000A) for .ARM.Collect$$rtentry$$0000000A
    __rtentry2.o(.ARM.exidx) refers to __rtentry2.o(.ARM.Collect$$rtentry$$0000000B) for .ARM.Collect$$rtentry$$0000000B
    __rtentry2.o(.ARM.exidx) refers to __rtentry2.o(.ARM.Collect$$rtentry$$0000000D) for .ARM.Collect$$rtentry$$0000000D
    __rtentry4.o(.ARM.Collect$$rtentry$$00000004) refers to sys_stackheap_outer.o(.text) for __user_setup_stackheap
    __rtentry4.o(.ARM.exidx) refers to __rtentry4.o(.ARM.Collect$$rtentry$$00000004) for .ARM.Collect$$rtentry$$00000004
    rt_div0.o(.text) refers to defsig_fpe_outer.o(.text) for __rt_SIGFPE
    sys_stackheap_outer.o(.text) refers to libspace.o(.text) for __user_perproc_libspace
    sys_stackheap_outer.o(.text) refers to startup.o(.text) for __user_initial_stackheap
    exit.o(.text) refers to rtexit.o(.ARM.Collect$$rtexit$$00000000) for __rt_exit
    defsig_fpe_outer.o(.text) refers to defsig_fpe_inner.o(.text) for __rt_SIGFPE_inner
    defsig_fpe_outer.o(.text) refers to defsig_exit.o(.text) for __sig_exit
    defsig_fpe_formal.o(.text) refers to rt_raise.o(.text) for __rt_raise
    libinit.o(.ARM.Collect$$libinit$$00000000) refers (Special) to libinit2.o(.ARM.Collect$$libinit$$0000002E) for __rt_lib_init_alloca_1
    libinit.o(.ARM.Collect$$libinit$$00000000) refers (Special) to libinit2.o(.ARM.Collect$$libinit$$0000002C) for __rt_lib_init_argv_1
    libinit.o(.ARM.Collect$$libinit$$00000000) refers (Special) to libinit2.o(.ARM.Collect$$libinit$$0000001B) for __rt_lib_init_atexit_1
    libinit.o(.ARM.Collect$$libinit$$00000000) refers (Special) to libinit2.o(.ARM.Collect$$libinit$$00000021) for __rt_lib_init_clock_1
    libinit.o(.ARM.Collect$$libinit$$00000000) refers (Special) to libinit2.o(.ARM.Collect$$libinit$$00000032) for __rt_lib_init_cpp_1
    libinit.o(.ARM.Collect$$libinit$$00000000) refers (Special) to libinit2.o(.ARM.Collect$$libinit$$00000030) for __rt_lib_init_exceptions_1
    libinit.o(.ARM.Collect$$libinit$$00000000) refers (Special) to libinit2.o(.ARM.Collect$$libinit$$00000002) for __rt_lib_init_fp_1
    libinit.o(.ARM.Collect$$libinit$$00000000) refers (Special) to libinit2.o(.ARM.Collect$$libinit$$0000001F) for __rt_lib_init_fp_trap_1
    libinit.o(.ARM.Collect$$libinit$$00000000) refers (Special) to libinit2.o(.ARM.Collect$$libinit$$00000023) for __rt_lib_init_getenv_1
    libinit.o(.ARM.Collect$$libinit$$00000000) refers (Special) to libinit2.o(.ARM.Collect$$libinit$$0000000A) for __rt_lib_init_heap_1
    libinit.o(.ARM.Collect$$libinit$$00000000) refers (Special) to libinit2.o(.ARM.Collect$$libinit$$00000011) for __rt_lib_init_lc_collate_1
    libinit.o(.ARM.Collect$$libinit$$00000000) refers (Special) to libinit2.o(.ARM.Collect$$libinit$$00000013) for __rt_lib_init_lc_ctype_1
    libinit.o(.ARM.Collect$$libinit$$00000000) refers (Special) to libinit2.o(.ARM.Collect$$libinit$$00000015) for __rt_lib_init_lc_monetary_1
    libinit.o(.ARM.Collect$$libinit$$00000000) refers (Special) to libinit2.o(.ARM.Collect$$libinit$$00000017) for __rt_lib_init_lc_numeric_1
    libinit.o(.ARM.Collect$$libinit$$00000000) refers (Special) to libinit2.o(.ARM.Collect$$libinit$$00000019) for __rt_lib_init_lc_time_1
    libinit.o(.ARM.Collect$$libinit$$00000000) refers (Special) to libinit2.o(.ARM.Collect$$libinit$$00000004) for __rt_lib_init_preinit_1
    libinit.o(.ARM.Collect$$libinit$$00000000) refers (Special) to libinit2.o(.ARM.Collect$$libinit$$0000000E) for __rt_lib_init_rand_1
    libinit.o(.ARM.Collect$$libinit$$00000000) refers (Special) to libinit2.o(.ARM.Collect$$libinit$$00000033) for __rt_lib_init_return
    libinit.o(.ARM.Collect$$libinit$$00000000) refers (Special) to libinit2.o(.ARM.Collect$$libinit$$0000001D) for __rt_lib_init_signal_1
    libinit.o(.ARM.Collect$$libinit$$00000000) refers (Special) to libinit2.o(.ARM.Collect$$libinit$$00000025) for __rt_lib_init_stdio_1
    libinit.o(.ARM.Collect$$libinit$$00000000) refers (Special) to libinit2.o(.ARM.Collect$$libinit$$0000000C) for __rt_lib_init_user_alloc_1
    libspace.o(.text) refers to libspace.o(.bss) for __libspace_start
    rtexit.o(.ARM.Collect$$rtexit$$00000000) refers (Special) to rtexit2.o(.ARM.Collect$$rtexit$$00000004) for __rt_exit_exit
    rtexit.o(.ARM.Collect$$rtexit$$00000000) refers (Special) to rtexit2.o(.ARM.Collect$$rtexit$$00000003) for __rt_exit_ls
    rtexit.o(.ARM.Collect$$rtexit$$00000000) refers (Special) to rtexit2.o(.ARM.Collect$$rtexit$$00000002) for __rt_exit_prels_1
    rtexit.o(.ARM.exidx) refers (Special) to rtexit2.o(.ARM.Collect$$rtexit$$00000004) for __rt_exit_exit
    rtexit.o(.ARM.exidx) refers (Special) to rtexit2.o(.ARM.Collect$$rtexit$$00000003) for __rt_exit_ls
    rtexit.o(.ARM.exidx) refers (Special) to rtexit2.o(.ARM.Collect$$rtexit$$00000002) for __rt_exit_prels_1
    rtexit.o(.ARM.exidx) refers to rtexit.o(.ARM.Collect$$rtexit$$00000000) for .ARM.Collect$$rtexit$$00000000
    rt_raise.o(.text) refers to __raise.o(.text) for __raise
    rt_raise.o(.text) refers to sys_exit.o(.text) for _sys_exit
    defsig_exit.o(.text) refers to sys_exit.o(.text) for _sys_exit
    defsig_fpe_inner.o(.text) refers to defsig_general.o(.text) for __default_signal_display
    libinit2.o(.ARM.Collect$$libinit$$00000001) refers to fpinit.o(x$fpl$fpinit) for _fp_init
    libinit2.o(.ARM.Collect$$libinit$$00000010) refers to libinit2.o(.ARM.Collect$$libinit$$0000000F) for .ARM.Collect$$libinit$$0000000F
    libinit2.o(.ARM.Collect$$libinit$$00000012) refers to libinit2.o(.ARM.Collect$$libinit$$0000000F) for .ARM.Collect$$libinit$$0000000F
    libinit2.o(.ARM.Collect$$libinit$$00000014) refers to libinit2.o(.ARM.Collect$$libinit$$0000000F) for .ARM.Collect$$libinit$$0000000F
    libinit2.o(.ARM.Collect$$libinit$$00000016) refers to libinit2.o(.ARM.Collect$$libinit$$0000000F) for .ARM.Collect$$libinit$$0000000F
    libinit2.o(.ARM.Collect$$libinit$$00000018) refers to libinit2.o(.ARM.Collect$$libinit$$0000000F) for .ARM.Collect$$libinit$$0000000F
    libinit2.o(.ARM.Collect$$libinit$$00000026) refers to argv_veneer.o(.emb_text) for __ARM_argv_veneer
    libinit2.o(.ARM.Collect$$libinit$$00000027) refers to argv_veneer.o(.emb_text) for __ARM_argv_veneer
    sys_exit.o(.text) refers (Special) to use_no_semi.o(.text) for __I$use$semihosting
    sys_exit.o(.text) refers (Special) to indicate_semi.o(.text) for __semihosting_library_function
    rtexit2.o(.ARM.Collect$$rtexit$$00000003) refers to libshutdown.o(.ARM.Collect$$libshutdown$$00000000) for __rt_lib_shutdown
    rtexit2.o(.ARM.Collect$$rtexit$$00000004) refers to sys_exit.o(.text) for _sys_exit
    rtexit2.o(.ARM.exidx) refers to rtexit2.o(.ARM.Collect$$rtexit$$00000001) for .ARM.Collect$$rtexit$$00000001
    rtexit2.o(.ARM.exidx) refers to rtexit2.o(.ARM.Collect$$rtexit$$00000003) for .ARM.Collect$$rtexit$$00000003
    rtexit2.o(.ARM.exidx) refers to rtexit2.o(.ARM.Collect$$rtexit$$00000004) for .ARM.Collect$$rtexit$$00000004
    __raise.o(.text) refers to __raise.o(i.__ARM_common_call_via_r2) for __ARM_common_call_via_r2
    __raise.o(.text) refers to defsig.o(CL$$defsig) for __default_signal_handler
    defsig_general.o(.text) refers to sys_wrch.o(.text) for _ttywrch
    argv_veneer.o(.emb_text) refers to no_argv.o(.text) for __ARM_get_argv
    sys_wrch.o(.text) refers (Special) to use_no_semi.o(.text) for __I$use$semihosting
    sys_wrch.o(.text) refers (Special) to indicate_semi.o(.text) for __semihosting_library_function
    defsig.o(CL$$defsig) refers to defsig_fpe_inner.o(.text) for __rt_SIGFPE_inner
    defsig.o(CL$$defsig) refers to defsig_rtmem_inner.o(.text) for __rt_SIGRTMEM_inner
    _get_argv_nomalloc.o(.text) refers (Special) to hrguard.o(.text) for __heap_region$guard
    _get_argv_nomalloc.o(.text) refers to defsig_rtmem_outer.o(.text) for __rt_SIGRTMEM
    _get_argv_nomalloc.o(.text) refers to sys_command.o(.text) for _sys_command_string
    libshutdown.o(.ARM.Collect$$libshutdown$$00000000) refers (Special) to libshutdown2.o(.ARM.Collect$$libshutdown$$00000006) for __rt_lib_shutdown_fp_trap_1
    libshutdown.o(.ARM.Collect$$libshutdown$$00000000) refers (Special) to libshutdown2.o(.ARM.Collect$$libshutdown$$0000000E) for __rt_lib_shutdown_heap_1
    libshutdown.o(.ARM.Collect$$libshutdown$$00000000) refers (Special) to libshutdown2.o(.ARM.Collect$$libshutdown$$0000000F) for __rt_lib_shutdown_return
    libshutdown.o(.ARM.Collect$$libshutdown$$00000000) refers (Special) to libshutdown2.o(.ARM.Collect$$libshutdown$$00000009) for __rt_lib_shutdown_signal_1
    libshutdown.o(.ARM.Collect$$libshutdown$$00000000) refers (Special) to libshutdown2.o(.ARM.Collect$$libshutdown$$00000003) for __rt_lib_shutdown_stdio_1
    libshutdown.o(.ARM.Collect$$libshutdown$$00000000) refers (Special) to libshutdown2.o(.ARM.Collect$$libshutdown$$0000000B) for __rt_lib_shutdown_user_alloc_1
    sys_command.o(.text) refers (Special) to use_no_semi.o(.text) for __I$use$semihosting
    sys_command.o(.text) refers (Special) to indicate_semi.o(.text) for __semihosting_library_function
    defsig_abrt_inner.o(.text) refers to defsig_general.o(.text) for __default_signal_display
    defsig_rtred_inner.o(.text) refers to defsig_general.o(.text) for __default_signal_display
    defsig_rtmem_inner.o(.text) refers to defsig_general.o(.text) for __default_signal_display
    defsig_rtmem_outer.o(.text) refers to defsig_rtmem_inner.o(.text) for __rt_SIGRTMEM_inner
    defsig_rtmem_outer.o(.text) refers to defsig_exit.o(.text) for __sig_exit
    defsig_rtmem_formal.o(.text) refers to rt_raise.o(.text) for __rt_raise
    defsig_stak_inner.o(.text) refers to defsig_general.o(.text) for __default_signal_display
    defsig_pvfn_inner.o(.text) refers to defsig_general.o(.text) for __default_signal_display
    defsig_cppl_inner.o(.text) refers to defsig_general.o(.text) for __default_signal_display
    defsig_segv_inner.o(.text) refers to defsig_general.o(.text) for __default_signal_display
    defsig_other.o(.text) refers to defsig_general.o(.text) for __default_signal_display


==============================================================================

Memory Map of the image

  Image Entry point : 0x00000000

  Load Region LR_IROM1 (Base: 0x00000000, Size: 0x00000978, Max: 0x00040000, ABSOLUTE)

    Execution Region ER_IROM1 (Base: 0x00000000, Size: 0x0000096c, Max: 0x00040000, ABSOLUTE)

    Base Addr    Size         Type   Attr      Idx    E Section Name        Object

    0x00000000   0x00000110   Code   RO            3    RESET               startup.o
    0x00000110   0x00000008   Code   RO          123  * !!!main             c_t.l(__main.o)
    0x00000118   0x00000002   Code   RO          160    .ARM.Collect$$libinit$$00000000  c_t.l(libinit.o)
    0x0000011a   0x00000000   Code   RO          173    .ARM.Collect$$libinit$$00000002  c_t.l(libinit2.o)
    0x0000011a   0x00000000   Code   RO          175    .ARM.Collect$$libinit$$00000004  c_t.l(libinit2.o)
    0x0000011a   0x00000000   Code   RO          178    .ARM.Collect$$libinit$$0000000A  c_t.l(libinit2.o)
    0x0000011a   0x00000000   Code   RO          180    .ARM.Collect$$libinit$$0000000C  c_t.l(libinit2.o)
    0x0000011a   0x00000000   Code   RO          182    .ARM.Collect$$libinit$$0000000E  c_t.l(libinit2.o)
    0x0000011a   0x00000000   Code   RO          185    .ARM.Collect$$libinit$$00000011  c_t.l(libinit2.o)
    0x0000011a   0x00000000   Code   RO          187    .ARM.Collect$$libinit$$00000013  c_t.l(libinit2.o)
    0x0000011a   0x00000000   Code   RO          189    .ARM.Collect$$libinit$$00000015  c_t.l(libinit2.o)
    0x0000011a   0x00000000   Code   RO          191    .ARM.Collect$$libinit$$00000017  c_t.l(libinit2.o)
    0x0000011a   0x00000000   Code   RO          193    .ARM.Collect$$libinit$$00000019  c_t.l(libinit2.o)
    0x0000011a   0x00000000   Code   RO          195    .ARM.Collect$$libinit$$0000001B  c_t.l(libinit2.o)
    0x0000011a   0x00000000   Code   RO          197    .ARM.Collect$$libinit$$0000001D  c_t.l(libinit2.o)
    0x0000011a   0x00000000   Code   RO          199    .ARM.Collect$$libinit$$0000001F  c_t.l(libinit2.o)
    0x0000011a   0x00000000   Code   RO          201    .ARM.Collect$$libinit$$00000021  c_t.l(libinit2.o)
    0x0000011a   0x00000000   Code   RO          203    .ARM.Collect$$libinit$$00000023  c_t.l(libinit2.o)
    0x0000011a   0x00000000   Code   RO          205    .ARM.Collect$$libinit$$00000025  c_t.l(libinit2.o)
    0x0000011a   0x00000000   Code   RO          209    .ARM.Collect$$libinit$$0000002C  c_t.l(libinit2.o)
    0x0000011a   0x00000000   Code   RO          211    .ARM.Collect$$libinit$$0000002E  c_t.l(libinit2.o)
    0x0000011a   0x00000000   Code   RO          213    .ARM.Collect$$libinit$$00000030  c_t.l(libinit2.o)
    0x0000011a   0x00000000   Code   RO          215    .ARM.Collect$$libinit$$00000032  c_t.l(libinit2.o)
    0x0000011a   0x0000000c   Code   RO          216    .ARM.Collect$$libinit$$00000033  c_t.l(libinit2.o)
    0x00000126   0x00000004   Code   RO          249    .ARM.Collect$$libshutdown$$00000000  c_t.l(libshutdown.o)
    0x0000012a   0x00000000   Code   RO          276    .ARM.Collect$$libshutdown$$00000003  c_t.l(libshutdown2.o)
    0x0000012a   0x00000000   Code   RO          279    .ARM.Collect$$libshutdown$$00000006  c_t.l(libshutdown2.o)
    0x0000012a   0x00000000   Code   RO          282    .ARM.Collect$$libshutdown$$00000009  c_t.l(libshutdown2.o)
    0x0000012a   0x00000000   Code   RO          284    .ARM.Collect$$libshutdown$$0000000B  c_t.l(libshutdown2.o)
    0x0000012a   0x00000000   Code   RO          287    .ARM.Collect$$libshutdown$$0000000E  c_t.l(libshutdown2.o)
    0x0000012a   0x00000006   Code   RO          288    .ARM.Collect$$libshutdown$$0000000F  c_t.l(libshutdown2.o)
    0x00000130   0x00000000   Code   RO          125    .ARM.Collect$$rtentry$$00000000  c_t.l(__rtentry.o)
    0x00000130   0x00000000   Code   RO          131    .ARM.Collect$$rtentry$$00000002  c_t.l(__rtentry2.o)
    0x00000130   0x00000008   Code   RO          143    .ARM.Collect$$rtentry$$00000004  c_t.l(__rtentry4.o)
    0x00000138   0x00000000   Code   RO          133    .ARM.Collect$$rtentry$$00000009  c_t.l(__rtentry2.o)
    0x00000138   0x00000004   Code   RO          134    .ARM.Collect$$rtentry$$0000000A  c_t.l(__rtentry2.o)
    0x0000013c   0x00000000   Code   RO          136    .ARM.Collect$$rtentry$$0000000C  c_t.l(__rtentry2.o)
    0x0000013c   0x00000028   Code   RO          137    .ARM.Collect$$rtentry$$0000000D  c_t.l(__rtentry2.o)
    0x00000164   0x00000004   Code   RO          164    .ARM.Collect$$rtexit$$00000000  c_t.l(rtexit.o)
    0x00000168   0x00000000   Code   RO          220    .ARM.Collect$$rtexit$$00000002  c_t.l(rtexit2.o)
    0x00000168   0x00000004   Code   RO          221    .ARM.Collect$$rtexit$$00000003  c_t.l(rtexit2.o)
    0x0000016c   0x00000008   Code   RO          222    .ARM.Collect$$rtexit$$00000004  c_t.l(rtexit2.o)
    0x00000174   0x00000020   Code   RO            4    .text               startup.o
    0x00000194   0x00000094   Code   RO           11    .text               main.o
    0x00000228   0x00000094   Code   RO           30    .text               keyboard.o
    0x000002bc   0x0000014c   Code   RO           42    .text               led.o
    0x00000408   0x00000094   Code   RO           55    .text               timer_interrupts.o
    0x0000049c   0x000001c4   Code   RO           70    .text               servo.o
    0x00000660   0x000000d8   Code   RO           85    .text               uart.o
    0x00000738   0x00000180   Code   RO          105    .text               c_t.l(aeabi_sdiv.o)
    0x000008b8   0x00000006   Code   RO          121    .text               c_t.l(heapauxi.o)
    0x000008be   0x00000002   PAD
    0x000008c0   0x00000060   Code   RO          147    .text               c_t.l(sys_stackheap_outer.o)
    0x00000920   0x0000000c   Code   RO          149    .text               c_t.l(exit.o)
    0x0000092c   0x0000000c   Code   RO          161    .text               c_t.l(libspace.o)
    0x00000938   0x0000000c   Code   RO          217    .text               c_t.l(sys_exit.o)
    0x00000944   0x00000004   Code   RO          238    .text               c_t.l(use_no_semi.o)
    0x00000948   0x00000000   Code   RO          240    .text               c_t.l(indicate_semi.o)
    0x00000948   0x00000024   Code   RO          106    .text_udiv          c_t.l(aeabi_sdiv.o)
    0x0000096c   0x00000000   Data   RO          289    Region$$Table       anon$$obj.o


    Execution Region RW_IRAM1 (Base: 0x40000000, Size: 0x00000500, Max: 0x00004000, ABSOLUTE)

    Base Addr    Size         Type   Attr      Idx    E Section Name        Object

    0x40000000   0x00000004   Data   RW           43    .data               led.o
    0x40000004   0x00000004   Data   RW           56    .data               timer_interrupts.o
    0x40000008   0x00000001   Data   RW           86    .data               uart.o
    0x40000009   0x00000003   PAD
    0x4000000c   0x0000000c   Zero   RW           71    .bss                servo.o
    0x40000018   0x00000060   Zero   RW          162    .bss                c_t.l(libspace.o)
    0x40000078   0x00000000   Zero   RW            2    HEAP                startup.o
    0x40000078   0x00000488   Zero   RW            1    STACK               startup.o

